#
# There is insufficient memory for the Java Runtime Environment to continue.
# Native memory allocation (malloc) failed to allocate 172096 bytes. Error detail: Chunk::new
# Possible reasons:
#   The system is out of physical RAM or swap space
#   This process is running with CompressedOops enabled, and the Java Heap may be blocking the growth of the native heap
# Possible solutions:
#   Reduce memory load on the system
#   Increase physical memory or swap space
#   Check if swap backing store is full
#   Decrease Java heap size (-Xmx/-Xms)
#   Decrease number of Java threads
#   Decrease Java thread stack sizes (-Xss)
#   Set larger code cache with -XX:ReservedCodeCacheSize=
#   JVM is running with Unscaled Compressed Oops mode in which the Java heap is
#     placed in the first 4GB address space. The Java Heap base address is the
#     maximum limit for the native heap growth. Please use -XX:HeapBaseMinAddress
#     to set the Java Heap base and to place the Java Heap above 4GB virtual address.
# This output file may be truncated or incomplete.
#
#  Out of Memory Error (arena.cpp:168), pid=38820, tid=21600
#
# JRE version: OpenJDK Runtime Environment Temurin-21.0.8+9 (21.0.8+9) (build 21.0.8+9-LTS)
# Java VM: OpenJDK 64-Bit Server VM Temurin-21.0.8+9 (21.0.8+9-LTS, mixed mode, sharing, tiered, compressed oops, compressed class ptrs, parallel gc, windows-amd64)
# No core dump will be written. Minidumps are not enabled by default on client versions of Windows
#

---------------  S U M M A R Y ------------

Command Line: --add-modules=ALL-SYSTEM --add-opens=java.base/java.util=ALL-UNNAMED --add-opens=java.base/java.lang=ALL-UNNAMED --add-opens=java.base/sun.nio.fs=ALL-UNNAMED -Declipse.application=org.eclipse.jdt.ls.core.id1 -Dosgi.bundles.defaultStartLevel=4 -Declipse.product=org.eclipse.jdt.ls.core.product -Djava.import.generatesMetadataFilesAtProjectRoot=false -DDetectVMInstallationsJob.disabled=true -Dfile.encoding=utf8 -XX:+UseParallelGC -XX:GCTimeRatio=4 -XX:AdaptiveSizePolicyWeight=90 -Dsun.zip.disableMemoryMapping=true -Xmx2G -Xms100m -Xlog:disable -javaagent:c:\Users\Ni Wayan Amanda\.vscode\extensions\redhat.java-1.46.2025091808-win32-x64\lombok\lombok-1.18.39-4050.jar -XX:+HeapDumpOnOutOfMemoryError -XX:HeapDumpPath=c:\Users\Ni Wayan Amanda\AppData\Roaming\Code\User\workspaceStorage\7386c837077af9c0ae51233a9dd6fa8b\redhat.java -Daether.dependencyCollector.impl=bf -XX:+UnlockDiagnosticVMOptions -XX:+AllowArchivingWithJavaAgent -XX:+AutoCreateSharedArchive -XX:SharedArchiveFile=c:\Users\Ni Wayan Amanda\AppData\Roaming\Code\User\globalStorage\redhat.java\1.46.2025091808\jdtls.jsa c:\Users\Ni Wayan Amanda\.vscode\extensions\redhat.java-1.46.2025091808-win32-x64\server\plugins\org.eclipse.equinox.launcher_1.7.0.v20250519-0528.jar -configuration c:\Users\Ni Wayan Amanda\AppData\Roaming\Code\User\globalStorage\redhat.java\1.46.2025091808\config_win -data c:\Users\Ni Wayan Amanda\AppData\Roaming\Code\User\workspaceStorage\7386c837077af9c0ae51233a9dd6fa8b\redhat.java\jdt_ws --pipe=\\.\pipe\lsp-6f081e3a88c1fce624c45e5c052cab58-sock

Host: AMD Ryzen 7 5800H with Radeon Graphics         , 16 cores, 15G,  Windows 11 , 64 bit Build 26100 (10.0.26100.5074)
Time: Wed Sep 24 06:41:52 2025 SE Asia Standard Time elapsed time: 0.524875 seconds (0d 0h 0m 0s)

---------------  T H R E A D  ---------------

Current thread (0x00000263f4076680):  JavaThread "C2 CompilerThread0" daemon [_thread_in_native, id=21600, stack(0x0000008cbf100000,0x0000008cbf200000) (1024K)]


Current CompileTask:
C2:524  676       4       java.lang.String::replace (42 bytes)

Stack: [0x0000008cbf100000,0x0000008cbf200000]
Native frames: (J=compiled Java code, j=interpreted, Vv=VM code, C=native code)
V  [jvm.dll+0x6d2449]
V  [jvm.dll+0x8ae341]
V  [jvm.dll+0x8b08be]
V  [jvm.dll+0x8b0fa3]
V  [jvm.dll+0x280c96]
V  [jvm.dll+0xc581d]
V  [jvm.dll+0xc5d53]
V  [jvm.dll+0x2f539d]
V  [jvm.dll+0x5fa00a]
V  [jvm.dll+0x252092]
V  [jvm.dll+0x25244f]
V  [jvm.dll+0x24ad14]
V  [jvm.dll+0x2483a4]
V  [jvm.dll+0x1c89ee]
V  [jvm.dll+0x257d4d]
V  [jvm.dll+0x2562ea]
V  [jvm.dll+0x3f2d16]
V  [jvm.dll+0x857e6b]
V  [jvm.dll+0x6d0b0d]
C  [ucrtbase.dll+0x37b0]
C  [KERNEL32.DLL+0x2e8d7]
C  [ntdll.dll+0x8d9c]


---------------  P R O C E S S  ---------------

Threads class SMR info:
_java_thread_list=0x00000263f432a5f0, length=14, elements={
0x00000263da1ba550, 0x00000263dc5b0f90, 0x00000263dc5b43c0, 0x00000263dc5b7590,
0x00000263dc5b7fe0, 0x00000263dc5ca6d0, 0x00000263dc5bdbc0, 0x00000263f4076680,
0x00000263f4089d60, 0x00000263dc5bd530, 0x00000263f4175e90, 0x00000263f4177ea0,
0x00000263f41c2c30, 0x00000263dc5be250
}

Java Threads: ( => current thread )
  0x00000263da1ba550 JavaThread "main"                              [_thread_in_vm, id=38436, stack(0x0000008cbe700000,0x0000008cbe800000) (1024K)]
  0x00000263dc5b0f90 JavaThread "Reference Handler"          daemon [_thread_blocked, id=28572, stack(0x0000008cbeb00000,0x0000008cbec00000) (1024K)]
  0x00000263dc5b43c0 JavaThread "Finalizer"                  daemon [_thread_blocked, id=996, stack(0x0000008cbec00000,0x0000008cbed00000) (1024K)]
  0x00000263dc5b7590 JavaThread "Signal Dispatcher"          daemon [_thread_blocked, id=34400, stack(0x0000008cbed00000,0x0000008cbee00000) (1024K)]
  0x00000263dc5b7fe0 JavaThread "Attach Listener"            daemon [_thread_blocked, id=17284, stack(0x0000008cbee00000,0x0000008cbef00000) (1024K)]
  0x00000263dc5ca6d0 JavaThread "Service Thread"             daemon [_thread_blocked, id=39756, stack(0x0000008cbef00000,0x0000008cbf000000) (1024K)]
  0x00000263dc5bdbc0 JavaThread "Monitor Deflation Thread"   daemon [_thread_blocked, id=18656, stack(0x0000008cbf000000,0x0000008cbf100000) (1024K)]
=>0x00000263f4076680 JavaThread "C2 CompilerThread0"         daemon [_thread_in_native, id=21600, stack(0x0000008cbf100000,0x0000008cbf200000) (1024K)]
  0x00000263f4089d60 JavaThread "C1 CompilerThread0"         daemon [_thread_blocked, id=11020, stack(0x0000008cbf200000,0x0000008cbf300000) (1024K)]
  0x00000263dc5bd530 JavaThread "Common-Cleaner"             daemon [_thread_blocked, id=20664, stack(0x0000008cbf300000,0x0000008cbf400000) (1024K)]
  0x00000263f4175e90 JavaThread "C1 CompilerThread1"         daemon [_thread_blocked, id=9900, stack(0x0000008cbf400000,0x0000008cbf500000) (1024K)]
  0x00000263f4177ea0 JavaThread "C1 CompilerThread2"         daemon [_thread_blocked, id=10512, stack(0x0000008cbf500000,0x0000008cbf600000) (1024K)]
  0x00000263f41c2c30 JavaThread "C2 CompilerThread1"         daemon [_thread_blocked, id=6812, stack(0x0000008cbf600000,0x0000008cbf700000) (1024K)]
  0x00000263dc5be250 JavaThread "Notification Thread"        daemon [_thread_blocked, id=21064, stack(0x0000008cbf700000,0x0000008cbf800000) (1024K)]
Total: 14

Other Threads:
  0x00000263dc4a49b0 VMThread "VM Thread"                           [id=22280, stack(0x0000008cbea00000,0x0000008cbeb00000) (1024K)]
  0x00000263dc39ca00 WatcherThread "VM Periodic Task Thread"        [id=21960, stack(0x0000008cbe900000,0x0000008cbea00000) (1024K)]
  0x00000263dc531270 WorkerThread "GC Thread#0"                     [id=37084, stack(0x0000008cbe800000,0x0000008cbe900000) (1024K)]
Total: 3

Threads with active compile tasks:
C2 CompilerThread0  541  676       4       java.lang.String::replace (42 bytes)
Total: 1

VM state: not at safepoint (normal execution)

VM Mutex/Monitor currently owned by a thread:  ([mutex/lock_event])
[0x00007ffccc173458] Metaspace_lock - owner thread: 0x00000263da1ba550

Heap address: 0x0000000080000000, size: 2048 MB, Compressed Oops mode: 32-bit

CDS archive(s) mapped at: [0x0000026380000000-0x0000026380ba0000-0x0000026380ba0000), size 12189696, SharedBaseAddress: 0x0000026380000000, ArchiveRelocationMode: 1.
Compressed class space mapped at: 0x0000026381000000-0x00000263c1000000, reserved size: 1073741824
Narrow klass base: 0x0000026380000000, Narrow klass shift: 0, Narrow klass range: 0x100000000

GC Precious Log:
 CardTable entry size: 512
 CPUs: 16 total, 16 available
 Memory: 15724M
 Large Page Support: Disabled
 NUMA Support: Disabled
 Compressed Oops: Enabled (32-bit)
 Alignments: Space 512K, Generation 512K, Heap 2M
 Heap Min Capacity: 100M
 Heap Initial Capacity: 100M
 Heap Max Capacity: 2G
 Pre-touch: Disabled
 Parallel Workers: 13

Heap:
 PSYoungGen      total 29696K, used 13047K [0x00000000d5580000, 0x00000000d7680000, 0x0000000100000000)
  eden space 25600K, 50% used [0x00000000d5580000,0x00000000d623dec0,0x00000000d6e80000)
  from space 4096K, 0% used [0x00000000d7280000,0x00000000d7280000,0x00000000d7680000)
  to   space 4096K, 0% used [0x00000000d6e80000,0x00000000d6e80000,0x00000000d7280000)
 ParOldGen       total 68608K, used 0K [0x0000000080000000, 0x0000000084300000, 0x00000000d5580000)
  object space 68608K, 0% used [0x0000000080000000,0x0000000080000000,0x0000000084300000)
 Metaspace       used 2143K, committed 2368K, reserved 1114112K
  class space    used 196K, committed 320K, reserved 1048576K

Card table byte_map: [0x00000263dbeb0000,0x00000263dc2c0000] _byte_map_base: 0x00000263dbab0000

Marking Bits: (ParMarkBitMap*) 0x00007ffccc17a340
 Begin Bits: [0x00000263ee9b0000, 0x00000263f09b0000)
 End Bits:   [0x00000263f09b0000, 0x00000263f29b0000)

Polling page: 0x00000263da320000

Metaspace:

Usage:
  Non-class:      1.90 MB used.
      Class:    196.90 KB used.
       Both:      2.09 MB used.

Virtual space:
  Non-class space:       64.00 MB reserved,       2.00 MB (  3%) committed,  1 nodes.
      Class space:        1.00 GB reserved,     320.00 KB ( <1%) committed,  1 nodes.
             Both:        1.06 GB reserved,       2.31 MB ( <1%) committed. 

Chunk freelists:
   Non-Class:  11.62 MB
       Class:  15.67 MB
        Both:  27.29 MB

MaxMetaspaceSize: unlimited
CompressedClassSpaceSize: 1.00 GB
Initial GC threshold: 21.00 MB
Current GC threshold: 21.00 MB
CDS: on
 - commit_granule_bytes: 65536.
 - commit_granule_words: 8192.
 - virtual_space_node_default_size: 8388608.
 - enlarge_chunks_in_place: 1.
 - use_allocation_guard: 0.


Internal statistics:

num_allocs_failed_limit: 0.
num_arena_births: 78.
num_arena_deaths: 0.
num_vsnodes_births: 2.
num_vsnodes_deaths: 0.
num_space_committed: 37.
num_space_uncommitted: 0.
num_chunks_returned_to_freelist: 0.
num_chunks_taken_from_freelist: 106.
num_chunk_merges: 0.
num_chunk_splits: 73.
num_chunks_enlarged: 45.
num_inconsistent_stats: 0.

CodeHeap 'non-profiled nmethods': size=119168Kb used=223Kb max_used=223Kb free=118945Kb
 bounds [0x00000263e72a0000, 0x00000263e7510000, 0x00000263ee700000]
CodeHeap 'profiled nmethods': size=119104Kb used=1044Kb max_used=1044Kb free=118059Kb
 bounds [0x00000263df700000, 0x00000263df970000, 0x00000263e6b50000]
CodeHeap 'non-nmethods': size=7488Kb used=2285Kb max_used=2303Kb free=5202Kb
 bounds [0x00000263e6b50000, 0x00000263e6dc0000, 0x00000263e72a0000]
CodeCache: size=245760Kb, used=3552Kb, max_used=3570Kb, free=242206Kb
 total_blobs=1098, nmethods=686, adapters=317, full_count=0
Compilation: enabled, stopped_count=0, restarted_count=0

Compilation events (20 events):
Event: 0.505 Thread 0x00000263f4177ea0 nmethod 672 0x00000263df803890 code [0x00000263df803a40, 0x00000263df803c58]
Event: 0.506 Thread 0x00000263f4089d60 nmethod 673 0x00000263df803d90 code [0x00000263df803fe0, 0x00000263df804680]
Event: 0.506 Thread 0x00000263f4175e90  674       3       java.lang.invoke.MethodHandles$Lookup::lookupClassOrNull (17 bytes)
Event: 0.506 Thread 0x00000263f4175e90 nmethod 674 0x00000263df804990 code [0x00000263df804b40, 0x00000263df804cc8]
Event: 0.506 Thread 0x00000263f41c2c30  675       4       java.util.HashMap$HashIterator::<init> (79 bytes)
Event: 0.508 Thread 0x00000263f4076680  676       4       java.lang.String::replace (42 bytes)
Event: 0.510 Thread 0x00000263f41c2c30 nmethod 675 0x00000263e72d4a90 code [0x00000263e72d4c20, 0x00000263e72d4f30]
Event: 0.510 Thread 0x00000263f41c2c30  677       4       jdk.internal.misc.Unsafe::allocateUninitializedArray (55 bytes)
Event: 0.511 Thread 0x00000263f41c2c30 nmethod 677 0x00000263e72d5090 code [0x00000263e72d5220, 0x00000263e72d5400]
Event: 0.511 Thread 0x00000263f4089d60  680       1       sun.security.util.KnownOIDs::value (5 bytes)
Event: 0.511 Thread 0x00000263f4089d60 nmethod 680 0x00000263e72d5510 code [0x00000263e72d56a0, 0x00000263e72d5768]
Event: 0.511 Thread 0x00000263f4175e90  681       1       java.security.Provider$Service::getType (5 bytes)
Event: 0.511 Thread 0x00000263f4089d60  682       1       java.security.Provider$Service::getAlgorithm (5 bytes)
Event: 0.511 Thread 0x00000263f4177ea0  683       1       java.security.Provider$Service::getAliases (5 bytes)
Event: 0.511 Thread 0x00000263f4175e90 nmethod 681 0x00000263e72d5810 code [0x00000263e72d59a0, 0x00000263e72d5a68]
Event: 0.511 Thread 0x00000263f4177ea0 nmethod 683 0x00000263e72d5b10 code [0x00000263e72d5ca0, 0x00000263e72d5d68]
Event: 0.511 Thread 0x00000263f4177ea0  684       3       java.security.Provider$ServiceKey::hashCode (19 bytes)
Event: 0.511 Thread 0x00000263f4089d60 nmethod 682 0x00000263e72d5e10 code [0x00000263e72d5fa0, 0x00000263e72d6068]
Event: 0.511 Thread 0x00000263f4177ea0 nmethod 684 0x00000263df804d90 code [0x00000263df804f40, 0x00000263df8050d8]
Event: 0.522 Thread 0x00000263f41c2c30  685       4       jdk.internal.misc.Unsafe::allocateUninitializedArray (55 bytes)

GC Heap History (0 events):
No events

Dll operation events (8 events):
Event: 0.010 Loaded shared library c:\Users\Ni Wayan Amanda\.vscode\extensions\redhat.java-1.46.2025091808-win32-x64\jre\21.0.8-win32-x86_64\bin\java.dll
Event: 0.066 Loaded shared library c:\Users\Ni Wayan Amanda\.vscode\extensions\redhat.java-1.46.2025091808-win32-x64\jre\21.0.8-win32-x86_64\bin\zip.dll
Event: 0.178 Loaded shared library C:\Users\Ni Wayan Amanda\.vscode\extensions\redhat.java-1.46.2025091808-win32-x64\jre\21.0.8-win32-x86_64\bin\instrument.dll
Event: 0.183 Loaded shared library C:\Users\Ni Wayan Amanda\.vscode\extensions\redhat.java-1.46.2025091808-win32-x64\jre\21.0.8-win32-x86_64\bin\net.dll
Event: 0.186 Loaded shared library C:\Users\Ni Wayan Amanda\.vscode\extensions\redhat.java-1.46.2025091808-win32-x64\jre\21.0.8-win32-x86_64\bin\nio.dll
Event: 0.191 Loaded shared library C:\Users\Ni Wayan Amanda\.vscode\extensions\redhat.java-1.46.2025091808-win32-x64\jre\21.0.8-win32-x86_64\bin\zip.dll
Event: 0.215 Loaded shared library C:\Users\Ni Wayan Amanda\.vscode\extensions\redhat.java-1.46.2025091808-win32-x64\jre\21.0.8-win32-x86_64\bin\jimage.dll
Event: 0.311 Loaded shared library c:\Users\Ni Wayan Amanda\.vscode\extensions\redhat.java-1.46.2025091808-win32-x64\jre\21.0.8-win32-x86_64\bin\verify.dll

Deoptimization events (20 events):
Event: 0.448 Thread 0x00000263da1ba550 Uncommon trap: trap_request=0xffffff45 fr.pc=0x00000263e72b19e0 relative=0x00000000000000c0
Event: 0.448 Thread 0x00000263da1ba550 Uncommon trap: reason=unstable_if action=reinterpret pc=0x00000263e72b19e0 method=java.lang.String.isLatin1()Z @ 10 c2
Event: 0.448 Thread 0x00000263da1ba550 DEOPT PACKING pc=0x00000263e72b19e0 sp=0x0000008cbe7fef10
Event: 0.448 Thread 0x00000263da1ba550 DEOPT UNPACKING pc=0x00000263e6ba3aa2 sp=0x0000008cbe7fee50 mode 2
Event: 0.522 Thread 0x00000263da1ba550 Uncommon trap: trap_request=0xffffffde fr.pc=0x00000263e72d5344 relative=0x0000000000000124
Event: 0.522 Thread 0x00000263da1ba550 Uncommon trap: reason=class_check action=maybe_recompile pc=0x00000263e72d5344 method=jdk.internal.misc.Unsafe.allocateUninitializedArray(Ljava/lang/Class;I)Ljava/lang/Object; @ 51 c2
Event: 0.522 Thread 0x00000263da1ba550 DEOPT PACKING pc=0x00000263e72d5344 sp=0x0000008cbe7fba30
Event: 0.522 Thread 0x00000263da1ba550 DEOPT UNPACKING pc=0x00000263e6ba3aa2 sp=0x0000008cbe7fb9a8 mode 2
Event: 0.522 Thread 0x00000263da1ba550 Uncommon trap: trap_request=0xffffffde fr.pc=0x00000263e72d5344 relative=0x0000000000000124
Event: 0.522 Thread 0x00000263da1ba550 Uncommon trap: reason=class_check action=maybe_recompile pc=0x00000263e72d5344 method=jdk.internal.misc.Unsafe.allocateUninitializedArray(Ljava/lang/Class;I)Ljava/lang/Object; @ 51 c2
Event: 0.522 Thread 0x00000263da1ba550 DEOPT PACKING pc=0x00000263e72d5344 sp=0x0000008cbe7fba30
Event: 0.522 Thread 0x00000263da1ba550 DEOPT UNPACKING pc=0x00000263e6ba3aa2 sp=0x0000008cbe7fb9a8 mode 2
Event: 0.522 Thread 0x00000263da1ba550 Uncommon trap: trap_request=0xffffffde fr.pc=0x00000263e72d5344 relative=0x0000000000000124
Event: 0.522 Thread 0x00000263da1ba550 Uncommon trap: reason=class_check action=maybe_recompile pc=0x00000263e72d5344 method=jdk.internal.misc.Unsafe.allocateUninitializedArray(Ljava/lang/Class;I)Ljava/lang/Object; @ 51 c2
Event: 0.522 Thread 0x00000263da1ba550 DEOPT PACKING pc=0x00000263e72d5344 sp=0x0000008cbe7fba30
Event: 0.522 Thread 0x00000263da1ba550 DEOPT UNPACKING pc=0x00000263e6ba3aa2 sp=0x0000008cbe7fb9a8 mode 2
Event: 0.522 Thread 0x00000263da1ba550 Uncommon trap: trap_request=0xffffffde fr.pc=0x00000263e72d5344 relative=0x0000000000000124
Event: 0.522 Thread 0x00000263da1ba550 Uncommon trap: reason=class_check action=maybe_recompile pc=0x00000263e72d5344 method=jdk.internal.misc.Unsafe.allocateUninitializedArray(Ljava/lang/Class;I)Ljava/lang/Object; @ 51 c2
Event: 0.522 Thread 0x00000263da1ba550 DEOPT PACKING pc=0x00000263e72d5344 sp=0x0000008cbe7fba70
Event: 0.522 Thread 0x00000263da1ba550 DEOPT UNPACKING pc=0x00000263e6ba3aa2 sp=0x0000008cbe7fb9e8 mode 2

Classes loaded (20 events):
Event: 0.511 Loading class sun/security/rsa/SunRsaSign done
Event: 0.511 Loading class sun/security/rsa/SunRsaSignEntries
Event: 0.511 Loading class sun/security/rsa/SunRsaSignEntries done
Event: 0.511 Loading class sun/security/rsa/RSAKeyFactory$Legacy
Event: 0.522 Loading class sun/security/rsa/RSAKeyFactory
Event: 0.522 Loading class java/security/KeyFactorySpi
Event: 0.522 Loading class java/security/KeyFactorySpi done
Event: 0.522 Loading class sun/security/rsa/RSAKeyFactory done
Event: 0.522 Loading class sun/security/rsa/RSAKeyFactory$Legacy done
Event: 0.523 Loading class java/security/spec/RSAPublicKeySpec
Event: 0.523 Loading class java/security/spec/RSAPublicKeySpec done
Event: 0.523 Loading class java/security/spec/RSAPrivateKeySpec
Event: 0.523 Loading class java/security/spec/RSAPrivateKeySpec done
Event: 0.523 Loading class java/security/spec/RSAPrivateCrtKeySpec
Event: 0.523 Loading class java/security/spec/RSAPrivateCrtKeySpec done
Event: 0.523 Loading class java/security/spec/PKCS8EncodedKeySpec
Event: 0.523 Loading class java/security/spec/PKCS8EncodedKeySpec done
Event: 0.523 Loading class sun/security/rsa/RSAUtil$KeyType
Event: 0.523 Loading class sun/security/rsa/RSAUtil$KeyType done
Event: 0.523 Loading class java/security/spec/PSSParameterSpec

Classes unloaded (0 events):
No events

Classes redefined (0 events):
No events

Internal exceptions (12 events):
Event: 0.153 Thread 0x00000263da1ba550 Exception <a 'java/lang/NoSuchMethodError'{0x00000000d57bad10}: 'void java.lang.invoke.DirectMethodHandle$Holder.invokeStatic(java.lang.Object, java.lang.Object, java.lang.Object)'> (0x00000000d57bad10) 
thrown [s\src\hotspot\share\interpreter\linkResolver.cpp, line 773]
Event: 0.205 Thread 0x00000263da1ba550 Exception <a 'java/lang/NoSuchMethodError'{0x00000000d5a25e80}: 'java.lang.Object java.lang.invoke.Invokers$Holder.invokeExact_MT(java.lang.Object, java.lang.Object, java.lang.Object, java.lang.Object, java.lang.Object)'> (0x00000000d5a25e80) 
thrown [s\src\hotspot\share\interpreter\linkResolver.cpp, line 773]
Event: 0.253 Thread 0x00000263da1ba550 Exception <a 'java/lang/NoSuchMethodError'{0x00000000d5ae37d8}: 'int java.lang.invoke.DirectMethodHandle$Holder.invokeSpecial(java.lang.Object, java.lang.Object, java.lang.Object, int)'> (0x00000000d5ae37d8) 
thrown [s\src\hotspot\share\interpreter\linkResolver.cpp, line 773]
Event: 0.256 Thread 0x00000263da1ba550 Exception <a 'java/lang/NoSuchMethodError'{0x00000000d5af66f8}: 'java.lang.Object java.lang.invoke.DirectMethodHandle$Holder.invokeStatic(java.lang.Object, java.lang.Object, java.lang.Object, java.lang.Object, int)'> (0x00000000d5af66f8) 
thrown [s\src\hotspot\share\interpreter\linkResolver.cpp, line 773]
Event: 0.258 Thread 0x00000263da1ba550 Exception <a 'java/lang/NoSuchMethodError'{0x00000000d5b02150}: 'void java.lang.invoke.DelegatingMethodHandle$Holder.reinvoke_L(java.lang.Object, java.lang.Object, java.lang.Object, int, java.lang.Object)'> (0x00000000d5b02150) 
thrown [s\src\hotspot\share\interpreter\linkResolver.cpp, line 773]
Event: 0.259 Thread 0x00000263da1ba550 Exception <a 'java/lang/NoSuchMethodError'{0x00000000d5b05dc8}: 'int java.lang.invoke.DirectMethodHandle$Holder.invokeSpecial(java.lang.Object, java.lang.Object, java.lang.Object)'> (0x00000000d5b05dc8) 
thrown [s\src\hotspot\share\interpreter\linkResolver.cpp, line 773]
Event: 0.264 Thread 0x00000263da1ba550 Exception <a 'java/lang/NoSuchMethodError'{0x00000000d5b1f378}: 'java.lang.Object java.lang.invoke.DirectMethodHandle$Holder.invokeStatic(java.lang.Object, java.lang.Object, int)'> (0x00000000d5b1f378) 
thrown [s\src\hotspot\share\interpreter\linkResolver.cpp, line 773]
Event: 0.265 Thread 0x00000263da1ba550 Exception <a 'java/lang/NoSuchMethodError'{0x00000000d5b24298}: 'void java.lang.invoke.DirectMethodHandle$Holder.invokeStatic(java.lang.Object, java.lang.Object, int, java.lang.Object)'> (0x00000000d5b24298) 
thrown [s\src\hotspot\share\interpreter\linkResolver.cpp, line 773]
Event: 0.265 Thread 0x00000263da1ba550 Exception <a 'java/lang/NoSuchMethodError'{0x00000000d5b27ff0}: 'void java.lang.invoke.DirectMethodHandle$Holder.invokeSpecial(java.lang.Object, java.lang.Object, java.lang.Object, int, java.lang.Object)'> (0x00000000d5b27ff0) 
thrown [s\src\hotspot\share\interpreter\linkResolver.cpp, line 773]
Event: 0.266 Thread 0x00000263da1ba550 Exception <a 'java/lang/NoSuchMethodError'{0x00000000d5b2b8d8}: 'void java.lang.invoke.DelegatingMethodHandle$Holder.delegate(java.lang.Object, java.lang.Object, int, java.lang.Object)'> (0x00000000d5b2b8d8) 
thrown [s\src\hotspot\share\interpreter\linkResolver.cpp, line 773]
Event: 0.345 Thread 0x00000263da1ba550 Exception <a 'java/lang/NoSuchMethodError'{0x00000000d5cfb250}: 'void java.lang.invoke.DelegatingMethodHandle$Holder.reinvoke_L(java.lang.Object, java.lang.Object, java.lang.Object, int)'> (0x00000000d5cfb250) 
thrown [s\src\hotspot\share\interpreter\linkResolver.cpp, line 773]
Event: 0.509 Thread 0x00000263da1ba550 Exception <a 'java/lang/NoSuchMethodError'{0x00000000d619d850}: 'void java.lang.invoke.DirectMethodHandle$Holder.invokeVirtual(java.lang.Object, java.lang.Object)'> (0x00000000d619d850) 
thrown [s\src\hotspot\share\interpreter\linkResolver.cpp, line 773]

ZGC Phase Switch (0 events):
No events

VM Operations (4 events):
Event: 0.156 Executing VM operation: HandshakeAllThreads (Deoptimize)
Event: 0.156 Executing VM operation: HandshakeAllThreads (Deoptimize) done
Event: 0.231 Executing VM operation: HandshakeAllThreads (Deoptimize)
Event: 0.231 Executing VM operation: HandshakeAllThreads (Deoptimize) done

Memory protections (0 events):
No events

Nmethod flushes (0 events):
No events

Events (14 events):
Event: 0.067 Thread 0x00000263da1ba550 Thread added: 0x00000263da1ba550
Event: 0.116 Thread 0x00000263da1ba550 Thread added: 0x00000263dc5b0f90
Event: 0.116 Thread 0x00000263da1ba550 Thread added: 0x00000263dc5b43c0
Event: 0.116 Thread 0x00000263da1ba550 Thread added: 0x00000263dc5b7590
Event: 0.117 Thread 0x00000263da1ba550 Thread added: 0x00000263dc5b7fe0
Event: 0.117 Thread 0x00000263da1ba550 Thread added: 0x00000263dc5ca6d0
Event: 0.117 Thread 0x00000263da1ba550 Thread added: 0x00000263dc5bdbc0
Event: 0.117 Thread 0x00000263da1ba550 Thread added: 0x00000263f4076680
Event: 0.117 Thread 0x00000263da1ba550 Thread added: 0x00000263f4089d60
Event: 0.143 Thread 0x00000263da1ba550 Thread added: 0x00000263dc5bd530
Event: 0.155 Thread 0x00000263f4089d60 Thread added: 0x00000263f4175e90
Event: 0.156 Thread 0x00000263f4089d60 Thread added: 0x00000263f4177ea0
Event: 0.162 Thread 0x00000263f4177ea0 Thread added: 0x00000263f41c2c30
Event: 0.447 Thread 0x00000263da1ba550 Thread added: 0x00000263dc5be250


Dynamic libraries:
0x00007ff73b930000 - 0x00007ff73b93e000 	c:\Users\Ni Wayan Amanda\.vscode\extensions\redhat.java-1.46.2025091808-win32-x64\jre\21.0.8-win32-x86_64\bin\java.exe
0x00007ffdb5260000 - 0x00007ffdb54c9000 	C:\WINDOWS\SYSTEM32\ntdll.dll
0x00007ffdb3fa0000 - 0x00007ffdb4069000 	C:\WINDOWS\System32\KERNEL32.DLL
0x00007ffdb2980000 - 0x00007ffdb2d73000 	C:\WINDOWS\System32\KERNELBASE.dll
0x00007ffdb2db0000 - 0x00007ffdb2efb000 	C:\WINDOWS\System32\ucrtbase.dll
0x00007ffd70940000 - 0x00007ffd7095e000 	c:\Users\Ni Wayan Amanda\.vscode\extensions\redhat.java-1.46.2025091808-win32-x64\jre\21.0.8-win32-x86_64\bin\VCRUNTIME140.dll
0x00007ffd70720000 - 0x00007ffd70738000 	c:\Users\Ni Wayan Amanda\.vscode\extensions\redhat.java-1.46.2025091808-win32-x64\jre\21.0.8-win32-x86_64\bin\jli.dll
0x00007ffdb4fd0000 - 0x00007ffdb5194000 	C:\WINDOWS\System32\USER32.dll
0x00007ffd9eea0000 - 0x00007ffd9f133000 	C:\WINDOWS\WinSxS\amd64_microsoft.windows.common-controls_6595b64144ccf1df_6.0.26100.5074_none_3e0d6f78e32fd63f\COMCTL32.dll
0x00007ffdb2d80000 - 0x00007ffdb2da7000 	C:\WINDOWS\System32\win32u.dll
0x00007ffdb3610000 - 0x00007ffdb36b9000 	C:\WINDOWS\System32\msvcrt.dll
0x00007ffdb4070000 - 0x00007ffdb409b000 	C:\WINDOWS\System32\GDI32.dll
0x00007ffdb27a0000 - 0x00007ffdb28cd000 	C:\WINDOWS\System32\gdi32full.dll
0x00007ffdb28d0000 - 0x00007ffdb2973000 	C:\WINDOWS\System32\msvcp_win.dll
0x00007ffdb4a60000 - 0x00007ffdb4a8f000 	C:\WINDOWS\System32\IMM32.DLL
0x00007ffd99fb0000 - 0x00007ffd99fbc000 	c:\Users\Ni Wayan Amanda\.vscode\extensions\redhat.java-1.46.2025091808-win32-x64\jre\21.0.8-win32-x86_64\bin\vcruntime140_1.dll
0x00007ffd54110000 - 0x00007ffd5419d000 	c:\Users\Ni Wayan Amanda\.vscode\extensions\redhat.java-1.46.2025091808-win32-x64\jre\21.0.8-win32-x86_64\bin\msvcp140.dll
0x00007ffccb4c0000 - 0x00007ffccc257000 	c:\Users\Ni Wayan Amanda\.vscode\extensions\redhat.java-1.46.2025091808-win32-x64\jre\21.0.8-win32-x86_64\bin\server\jvm.dll
0x00007ffdb3a10000 - 0x00007ffdb3ac4000 	C:\WINDOWS\System32\ADVAPI32.dll
0x00007ffdb4f20000 - 0x00007ffdb4fc6000 	C:\WINDOWS\System32\sechost.dll
0x00007ffdb4840000 - 0x00007ffdb4958000 	C:\WINDOWS\System32\RPCRT4.dll
0x00007ffdb4ea0000 - 0x00007ffdb4f14000 	C:\WINDOWS\System32\WS2_32.dll
0x00007ffdb1000000 - 0x00007ffdb105e000 	C:\WINDOWS\SYSTEM32\POWRPROF.dll
0x00007ffda8d00000 - 0x00007ffda8d35000 	C:\WINDOWS\SYSTEM32\WINMM.dll
0x00007ffda9bb0000 - 0x00007ffda9bbb000 	C:\WINDOWS\SYSTEM32\VERSION.dll
0x00007ffdb0fe0000 - 0x00007ffdb0ff4000 	C:\WINDOWS\SYSTEM32\UMPDC.dll
0x00007ffdb12d0000 - 0x00007ffdb12eb000 	C:\WINDOWS\SYSTEM32\kernel.appcore.dll
0x00007ffd8bb90000 - 0x00007ffd8bb9a000 	c:\Users\Ni Wayan Amanda\.vscode\extensions\redhat.java-1.46.2025091808-win32-x64\jre\21.0.8-win32-x86_64\bin\jimage.dll
0x00007ffdafc40000 - 0x00007ffdafe82000 	C:\WINDOWS\SYSTEM32\DBGHELP.DLL
0x00007ffdb4b20000 - 0x00007ffdb4e9b000 	C:\WINDOWS\System32\combase.dll
0x00007ffdb3520000 - 0x00007ffdb35f7000 	C:\WINDOWS\System32\OLEAUT32.dll
0x00007ffd8e2f0000 - 0x00007ffd8e32d000 	C:\WINDOWS\SYSTEM32\dbgcore.DLL
0x00007ffdb2f00000 - 0x00007ffdb2f99000 	C:\WINDOWS\System32\bcryptPrimitives.dll
0x00007ffd88480000 - 0x00007ffd8848f000 	c:\Users\Ni Wayan Amanda\.vscode\extensions\redhat.java-1.46.2025091808-win32-x64\jre\21.0.8-win32-x86_64\bin\instrument.dll
0x00007ffd69620000 - 0x00007ffd6963f000 	c:\Users\Ni Wayan Amanda\.vscode\extensions\redhat.java-1.46.2025091808-win32-x64\jre\21.0.8-win32-x86_64\bin\java.dll
0x00007ffd66fd0000 - 0x00007ffd66fe8000 	c:\Users\Ni Wayan Amanda\.vscode\extensions\redhat.java-1.46.2025091808-win32-x64\jre\21.0.8-win32-x86_64\bin\zip.dll
0x00007ffdb40f0000 - 0x00007ffdb483d000 	C:\WINDOWS\System32\SHELL32.dll
0x00007ffdb23f0000 - 0x00007ffdb255c000 	C:\WINDOWS\System32\wintypes.dll
0x00007ffdb0050000 - 0x00007ffdb08a9000 	C:\WINDOWS\SYSTEM32\windows.storage.dll
0x00007ffdb3910000 - 0x00007ffdb3a00000 	C:\WINDOWS\System32\SHCORE.dll
0x00007ffdb38a0000 - 0x00007ffdb3902000 	C:\WINDOWS\System32\shlwapi.dll
0x00007ffdb2310000 - 0x00007ffdb2339000 	C:\WINDOWS\SYSTEM32\profapi.dll
0x00007ffd763c0000 - 0x00007ffd763d0000 	C:\Users\Ni Wayan Amanda\.vscode\extensions\redhat.java-1.46.2025091808-win32-x64\jre\21.0.8-win32-x86_64\bin\net.dll
0x00007ffdaaa40000 - 0x00007ffdaab5f000 	C:\WINDOWS\SYSTEM32\WINHTTP.dll
0x00007ffdb1870000 - 0x00007ffdb18db000 	C:\WINDOWS\system32\mswsock.dll
0x00007ffd66140000 - 0x00007ffd66156000 	C:\Users\Ni Wayan Amanda\.vscode\extensions\redhat.java-1.46.2025091808-win32-x64\jre\21.0.8-win32-x86_64\bin\nio.dll
0x00007ffd722c0000 - 0x00007ffd722d0000 	c:\Users\Ni Wayan Amanda\.vscode\extensions\redhat.java-1.46.2025091808-win32-x64\jre\21.0.8-win32-x86_64\bin\verify.dll

JVMTI agents:
c:\Users\Ni Wayan Amanda\.vscode\extensions\redhat.java-1.46.2025091808-win32-x64\lombok\lombok-1.18.39-4050.jar path:c:\Users\Ni Wayan Amanda\.vscode\extensions\redhat.java-1.46.2025091808-win32-x64\jre\21.0.8-win32-x86_64\bin\instrument.dll, loaded, initialized, instrumentlib options:none

dbghelp: loaded successfully - version: 4.0.5 - missing functions: none
symbol engine: initialized successfully - sym options: 0x614 - pdb path: .;c:\Users\Ni Wayan Amanda\.vscode\extensions\redhat.java-1.46.2025091808-win32-x64\jre\21.0.8-win32-x86_64\bin;C:\WINDOWS\SYSTEM32;C:\WINDOWS\WinSxS\amd64_microsoft.windows.common-controls_6595b64144ccf1df_6.0.26100.5074_none_3e0d6f78e32fd63f;c:\Users\Ni Wayan Amanda\.vscode\extensions\redhat.java-1.46.2025091808-win32-x64\jre\21.0.8-win32-x86_64\bin\server

VM Arguments:
jvm_args: --add-modules=ALL-SYSTEM --add-opens=java.base/java.util=ALL-UNNAMED --add-opens=java.base/java.lang=ALL-UNNAMED --add-opens=java.base/sun.nio.fs=ALL-UNNAMED -Declipse.application=org.eclipse.jdt.ls.core.id1 -Dosgi.bundles.defaultStartLevel=4 -Declipse.product=org.eclipse.jdt.ls.core.product -Djava.import.generatesMetadataFilesAtProjectRoot=false -DDetectVMInstallationsJob.disabled=true -Dfile.encoding=utf8 -XX:+UseParallelGC -XX:GCTimeRatio=4 -XX:AdaptiveSizePolicyWeight=90 -Dsun.zip.disableMemoryMapping=true -Xmx2G -Xms100m -Xlog:disable -javaagent:c:\Users\Ni Wayan Amanda\.vscode\extensions\redhat.java-1.46.2025091808-win32-x64\lombok\lombok-1.18.39-4050.jar -XX:+HeapDumpOnOutOfMemoryError -XX:HeapDumpPath=c:\Users\Ni Wayan Amanda\AppData\Roaming\Code\User\workspaceStorage\7386c837077af9c0ae51233a9dd6fa8b\redhat.java -Daether.dependencyCollector.impl=bf -XX:+UnlockDiagnosticVMOptions -XX:+AllowArchivingWithJavaAgent -XX:+AutoCreateSharedArchive -XX:SharedArchiveFile=c:\Users\Ni Wayan Amanda\AppData\Roaming\Code\User\globalStorage\redhat.java\1.46.2025091808\jdtls.jsa 
java_command: c:\Users\Ni Wayan Amanda\.vscode\extensions\redhat.java-1.46.2025091808-win32-x64\server\plugins\org.eclipse.equinox.launcher_1.7.0.v20250519-0528.jar -configuration c:\Users\Ni Wayan Amanda\AppData\Roaming\Code\User\globalStorage\redhat.java\1.46.2025091808\config_win -data c:\Users\Ni Wayan Amanda\AppData\Roaming\Code\User\workspaceStorage\7386c837077af9c0ae51233a9dd6fa8b\redhat.java\jdt_ws --pipe=\\.\pipe\lsp-6f081e3a88c1fce624c45e5c052cab58-sock
java_class_path (initial): c:\Users\Ni Wayan Amanda\.vscode\extensions\redhat.java-1.46.2025091808-win32-x64\server\plugins\org.eclipse.equinox.launcher_1.7.0.v20250519-0528.jar
Launcher Type: SUN_STANDARD

[Global flags]
    uintx AdaptiveSizePolicyWeight                 = 90                                        {product} {command line}
     bool AllowArchivingWithJavaAgent              = true                             {JVMCI diagnostic} {command line}
     bool AutoCreateSharedArchive                  = true                                {JVMCI product} {command line}
     intx CICompilerCount                          = 12                                        {product} {ergonomic}
    uintx GCTimeRatio                              = 4                                         {product} {command line}
     bool HeapDumpOnOutOfMemoryError               = true                                   {manageable} {command line}
    ccstr HeapDumpPath                             = c:\Users\Ni Wayan Amanda\AppData\Roaming\Code\User\workspaceStorage\7386c837077af9c0ae51233a9dd6fa8b\redhat.java         {manageable} {command line}
   size_t InitialHeapSize                          = 104857600                                 {product} {command line}
   size_t MaxHeapSize                              = 2147483648                                {product} {command line}
   size_t MaxNewSize                               = 715653120                                 {product} {ergonomic}
   size_t MinHeapDeltaBytes                        = 524288                                    {product} {ergonomic}
   size_t MinHeapSize                              = 104857600                                 {product} {command line}
   size_t NewSize                                  = 34603008                                  {product} {ergonomic}
    uintx NonNMethodCodeHeapSize                   = 7602480                                {pd product} {ergonomic}
    uintx NonProfiledCodeHeapSize                  = 122027880                              {pd product} {ergonomic}
   size_t OldSize                                  = 70254592                                  {product} {ergonomic}
    uintx ProfiledCodeHeapSize                     = 122027880                              {pd product} {ergonomic}
    uintx ReservedCodeCacheSize                    = 251658240                              {pd product} {ergonomic}
     bool SegmentedCodeCache                       = true                                      {product} {ergonomic}
    ccstr SharedArchiveFile                        =                                     {JVMCI product} {command line}
   size_t SoftMaxHeapSize                          = 2147483648                             {manageable} {ergonomic}
     bool UnlockDiagnosticVMOptions                = true                                   {diagnostic} {command line}
     bool UseCompressedOops                        = true                           {product lp64_product} {ergonomic}
     bool UseLargePagesIndividualAllocation        = false                                  {pd product} {ergonomic}
     bool UseParallelGC                            = true                                      {product} {command line}

Logging:
Log output configuration:
 #0: stdout all=off uptime,level,tags foldmultilines=false
 #1: stderr all=off uptime,level,tags foldmultilines=false

Environment Variables:
JAVA_HOME=C:\Program Files\Java\jdk-17
PATH=C:\Program Files\Common Files\Oracle\Java\javapath;C:\Program Files (x86)\Common Files\Oracle\Java\javapath;C:\Windows\system32;C:\Windows;C:\Windows\System32\Wbem;C:\Windows\System32\WindowsPowerShell\v1.0\;C:\Windows\System32\OpenSSH\;C:\Program Files (x86)\NVIDIA Corporation\PhysX\Common;C:\Program Files\NVIDIA Corporation\NVIDIA NvDLISR;C:\WINDOWS\system32;C:\WINDOWS;C:\WINDOWS\System32\Wbem;C:\WINDOWS\System32\WindowsPowerShell\v1.0\;C:\WINDOWS\System32\OpenSSH\;C:\msys64\mingw64\bin;C:\Program Files\Java\jdk1.8.0_333\bin;C:\Users\Ni Wayan Amanda\AppData\Local\Programs\Python\Python310;C:\xampp\php;C:\ProgramData\ComposerSetup\bin;C:\Program Files\Java\jdk-17\bin;C:\Program Files\nodejs\;C:\maven\apache-maven-3.9.6\bin;C:\Users\Ni Wayan Amanda\AppData\Roaming\npm;C:\maven\apache-maven-3.9.6;C:\Program Files\k6\;C:\Users\Ni Wayan Amanda\AppData\Local\Android\Sdk\platform-tools;C:\Program Files\Git\cmd;C:\Users\Ni Wayan Amanda\AppData\Local\Programs\Python\Python310\Scripts\;C:\Users\Ni Wayan Amanda\AppData\Local\Programs\Python\Python310\;C:\Users\Ni Wayan Amanda\AppData\Local\Microsoft\WindowsApps;C:\Users\Ni Wayan Amanda\AppData\Local\Programs\Microsoft VS Code\bin;C:\flutter_windows_3.10.0-stable\flutter\bin;C:\Users\Ni Wayan Amanda\AppData\Roaming\Composer\vendor\bin;C:\Users\Ni Wayan Amanda\AppData\Roaming\npm;C:\Users\Ni Wayan Amanda\AppData\Local\GitHubDesktop\bin;C:\Users\Ni Wayan Amanda\AppData\Roaming\Programs\Zero Install;%USERPROFILE%\AppData\Local\Microsoft\WindowsApps;
USERNAME=Ni Wayan Amanda
OS=Windows_NT
PROCESSOR_IDENTIFIER=AMD64 Family 25 Model 80 Stepping 0, AuthenticAMD
TMP=C:\Users\NIWAYA~1\AppData\Local\Temp
TEMP=C:\Users\NIWAYA~1\AppData\Local\Temp




Periodic native trim disabled

---------------  S Y S T E M  ---------------

OS:
 Windows 11 , 64 bit Build 26100 (10.0.26100.5074)
OS uptime: 9 days 11:36 hours
Hyper-V role detected

CPU: total 16 (initial active 16) (16 cores per cpu, 2 threads per core) family 25 model 80 stepping 0 microcode 0xa50000c, cx8, cmov, fxsr, ht, mmx, 3dnowpref, sse, sse2, sse3, ssse3, sse4a, sse4.1, sse4.2, popcnt, lzcnt, tsc, tscinvbit, avx, avx2, aes, erms, clmul, bmi1, bmi2, adx, sha, fma, vzeroupper, clflush, clflushopt, hv, rdtscp, rdpid, fsrm, f16c, cet_ss
Processor Information for processor 0
  Max Mhz: 3201, Current Mhz: 3201, Mhz Limit: 3201
Processor Information for processor 1
  Max Mhz: 3201, Current Mhz: 1990, Mhz Limit: 3201
Processor Information for processor 2
  Max Mhz: 3201, Current Mhz: 1990, Mhz Limit: 3201
Processor Information for processor 3
  Max Mhz: 3201, Current Mhz: 3201, Mhz Limit: 3201
Processor Information for processor 4
  Max Mhz: 3201, Current Mhz: 3201, Mhz Limit: 3201
Processor Information for processor 5
  Max Mhz: 3201, Current Mhz: 3201, Mhz Limit: 3201
Processor Information for processor 6
  Max Mhz: 3201, Current Mhz: 1990, Mhz Limit: 3201
Processor Information for processor 7
  Max Mhz: 3201, Current Mhz: 1990, Mhz Limit: 3201
Processor Information for processor 8
  Max Mhz: 3201, Current Mhz: 1990, Mhz Limit: 3201
Processor Information for processor 9
  Max Mhz: 3201, Current Mhz: 3201, Mhz Limit: 3201
Processor Information for processor 10
  Max Mhz: 3201, Current Mhz: 1990, Mhz Limit: 3201
Processor Information for processor 11
  Max Mhz: 3201, Current Mhz: 1990, Mhz Limit: 3201
Processor Information for processor 12
  Max Mhz: 3201, Current Mhz: 3201, Mhz Limit: 3201
Processor Information for processor 13
  Max Mhz: 3201, Current Mhz: 1990, Mhz Limit: 3201
Processor Information for processor 14
  Max Mhz: 3201, Current Mhz: 3201, Mhz Limit: 3201
Processor Information for processor 15
  Max Mhz: 3201, Current Mhz: 1990, Mhz Limit: 3201

Memory: 4k page, system-wide physical 15724M (1571M free)
TotalPageFile size 21882M (AvailPageFile size 34M)
current process WorkingSet (physical memory assigned to process): 54M, peak: 54M
current process commit charge ("private bytes"): 243M, peak: 243M

vm_info: OpenJDK 64-Bit Server VM (21.0.8+9-LTS) for windows-amd64 JRE (21.0.8+9-LTS), built on 2025-07-15T00:00:00Z by "admin" with MS VC++ 17.7 (VS2022)

END.
