#
# There is insufficient memory for the Java Runtime Environment to continue.
# Native memory allocation (malloc) failed to allocate 339696 bytes. Error detail: Chunk::new
# Possible reasons:
#   The system is out of physical RAM or swap space
#   This process is running with CompressedOops enabled, and the Java Heap may be blocking the growth of the native heap
# Possible solutions:
#   Reduce memory load on the system
#   Increase physical memory or swap space
#   Check if swap backing store is full
#   Decrease Java heap size (-Xmx/-Xms)
#   Decrease number of Java threads
#   Decrease Java thread stack sizes (-Xss)
#   Set larger code cache with -XX:ReservedCodeCacheSize=
#   JVM is running with Unscaled Compressed Oops mode in which the Java heap is
#     placed in the first 4GB address space. The Java Heap base address is the
#     maximum limit for the native heap growth. Please use -XX:HeapBaseMinAddress
#     to set the Java Heap base and to place the Java Heap above 4GB virtual address.
# This output file may be truncated or incomplete.
#
#  Out of Memory Error (arena.cpp:168), pid=18240, tid=22704
#
# JRE version: OpenJDK Runtime Environment Temurin-21.0.8+9 (21.0.8+9) (build 21.0.8+9-LTS)
# Java VM: OpenJDK 64-Bit Server VM Temurin-21.0.8+9 (21.0.8+9-LTS, mixed mode, sharing, tiered, compressed oops, compressed class ptrs, parallel gc, windows-amd64)
# No core dump will be written. Minidumps are not enabled by default on client versions of Windows
#

---------------  S U M M A R Y ------------

Command Line: --add-modules=ALL-SYSTEM --add-opens=java.base/java.util=ALL-UNNAMED --add-opens=java.base/java.lang=ALL-UNNAMED --add-opens=java.base/sun.nio.fs=ALL-UNNAMED -Declipse.application=org.eclipse.jdt.ls.core.id1 -Dosgi.bundles.defaultStartLevel=4 -Declipse.product=org.eclipse.jdt.ls.core.product -Djava.import.generatesMetadataFilesAtProjectRoot=false -DDetectVMInstallationsJob.disabled=true -Dfile.encoding=utf8 -XX:+UseParallelGC -XX:GCTimeRatio=4 -XX:AdaptiveSizePolicyWeight=90 -Dsun.zip.disableMemoryMapping=true -Xmx2G -Xms100m -Xlog:disable -javaagent:c:\Users\Ni Wayan Amanda\.vscode\extensions\redhat.java-1.46.2025091808-win32-x64\lombok\lombok-1.18.39-4050.jar c:\Users\Ni Wayan Amanda\.vscode\extensions\redhat.java-1.46.2025091808-win32-x64\server\plugins\org.eclipse.equinox.launcher_1.7.0.v20250519-0528.jar -configuration c:\Users\Ni Wayan Amanda\AppData\Roaming\Code\User\globalStorage\redhat.java\1.46.2025091808\config_ss_win -data c:\Users\Ni Wayan Amanda\AppData\Roaming\Code\User\workspaceStorage\7386c837077af9c0ae51233a9dd6fa8b\redhat.java\ss_ws --pipe=\\.\pipe\lsp-757762679e24004418461729edc24d77-sock

Host: AMD Ryzen 7 5800H with Radeon Graphics         , 16 cores, 15G,  Windows 11 , 64 bit Build 26100 (10.0.26100.5074)
Time: Wed Sep 24 06:42:02 2025 SE Asia Standard Time elapsed time: 1.423240 seconds (0d 0h 0m 1s)

---------------  T H R E A D  ---------------

Current thread (0x000002bb0e74bcf0):  JavaThread "C2 CompilerThread0" daemon [_thread_in_native, id=22704, stack(0x000000f1acd00000,0x000000f1ace00000) (1024K)]


Current CompileTask:
C2:1423 2309       4       org.apache.felix.resolver.PackageSpaces::mergeUses (494 bytes)

Stack: [0x000000f1acd00000,0x000000f1ace00000]
Native frames: (J=compiled Java code, j=interpreted, Vv=VM code, C=native code)
V  [jvm.dll+0x6d2449]
V  [jvm.dll+0x8ae341]
V  [jvm.dll+0x8b08be]
V  [jvm.dll+0x8b0fa3]
V  [jvm.dll+0x280c96]
V  [jvm.dll+0xc581d]
V  [jvm.dll+0xc5d53]
V  [jvm.dll+0x2f539d]
V  [jvm.dll+0x5fa00a]
V  [jvm.dll+0x252092]
V  [jvm.dll+0x25244f]
V  [jvm.dll+0x24ad14]
V  [jvm.dll+0x2483a4]
V  [jvm.dll+0x1c89ee]
V  [jvm.dll+0x257d4d]
V  [jvm.dll+0x2562ea]
V  [jvm.dll+0x3f2d16]
V  [jvm.dll+0x857e6b]
V  [jvm.dll+0x6d0b0d]
C  [ucrtbase.dll+0x37b0]
C  [KERNEL32.DLL+0x2e8d7]
C  [ntdll.dll+0x8d9c]


---------------  P R O C E S S  ---------------

Threads class SMR info:
_java_thread_list=0x000002bb6d5e5a40, length=37, elements={
0x000002bb0c31a000, 0x000002bb0e63d820, 0x000002bb0e63e4c0, 0x000002bb0e73a050,
0x000002bb0e73b060, 0x000002bb0e740200, 0x000002bb0e746d20, 0x000002bb0e74bcf0,
0x000002bb674b6fe0, 0x000002bb675b02c0, 0x000002bb675b6d60, 0x000002bb675b7f70,
0x000002bb67602730, 0x000002bb677c0b50, 0x000002bb675b0950, 0x000002bb6d1a73f0,
0x000002bb675b0fe0, 0x000002bb675b1670, 0x000002bb675b2390, 0x000002bb675b1d00,
0x000002bb675aef10, 0x000002bb675af5a0, 0x000002bb675afc30, 0x000002bb6d568210,
0x000002bb6d5688a0, 0x000002bb6d566140, 0x000002bb6d5667d0, 0x000002bb6d565420,
0x000002bb6d568f30, 0x000002bb6d566e60, 0x000002bb6d5674f0, 0x000002bb6d565ab0,
0x000002bb6d5695c0, 0x000002bb6d569c50, 0x000002bb6d56a2e0, 0x000002bb6d56a970,
0x000002bb6dcfb8a0
}

Java Threads: ( => current thread )
  0x000002bb0c31a000 JavaThread "main"                              [_thread_blocked, id=22916, stack(0x000000f1ac300000,0x000000f1ac400000) (1024K)]
  0x000002bb0e63d820 JavaThread "Reference Handler"          daemon [_thread_blocked, id=31160, stack(0x000000f1ac700000,0x000000f1ac800000) (1024K)]
  0x000002bb0e63e4c0 JavaThread "Finalizer"                  daemon [_thread_blocked, id=5448, stack(0x000000f1ac800000,0x000000f1ac900000) (1024K)]
  0x000002bb0e73a050 JavaThread "Signal Dispatcher"          daemon [_thread_blocked, id=21304, stack(0x000000f1ac900000,0x000000f1aca00000) (1024K)]
  0x000002bb0e73b060 JavaThread "Attach Listener"            daemon [_thread_blocked, id=21404, stack(0x000000f1aca00000,0x000000f1acb00000) (1024K)]
  0x000002bb0e740200 JavaThread "Service Thread"             daemon [_thread_blocked, id=30688, stack(0x000000f1acb00000,0x000000f1acc00000) (1024K)]
  0x000002bb0e746d20 JavaThread "Monitor Deflation Thread"   daemon [_thread_blocked, id=11484, stack(0x000000f1acc00000,0x000000f1acd00000) (1024K)]
=>0x000002bb0e74bcf0 JavaThread "C2 CompilerThread0"         daemon [_thread_in_native, id=22704, stack(0x000000f1acd00000,0x000000f1ace00000) (1024K)]
  0x000002bb674b6fe0 JavaThread "C1 CompilerThread0"         daemon [_thread_blocked, id=18780, stack(0x000000f1ace00000,0x000000f1acf00000) (1024K)]
  0x000002bb675b02c0 JavaThread "Common-Cleaner"             daemon [_thread_blocked, id=7428, stack(0x000000f1acf00000,0x000000f1ad000000) (1024K)]
  0x000002bb675b6d60 JavaThread "C1 CompilerThread1"         daemon [_thread_in_vm, id=34084, stack(0x000000f1ad000000,0x000000f1ad100000) (1024K)]
  0x000002bb675b7f70 JavaThread "C1 CompilerThread2"         daemon [_thread_blocked, id=20672, stack(0x000000f1ad100000,0x000000f1ad200000) (1024K)]
  0x000002bb67602730 JavaThread "C2 CompilerThread1"         daemon [_thread_blocked, id=33920, stack(0x000000f1ad200000,0x000000f1ad300000) (1024K)]
  0x000002bb677c0b50 JavaThread "C1 CompilerThread3"         daemon [_thread_blocked, id=14868, stack(0x000000f1ad300000,0x000000f1ad400000) (1024K)]
  0x000002bb675b0950 JavaThread "Notification Thread"        daemon [_thread_blocked, id=12132, stack(0x000000f1ad400000,0x000000f1ad500000) (1024K)]
  0x000002bb6d1a73f0 JavaThread "C2 CompilerThread2"         daemon [_thread_blocked, id=16644, stack(0x000000f1ad500000,0x000000f1ad600000) (1024K)]
  0x000002bb675b0fe0 JavaThread "Equinox resolver thread - Equinox Container: 48ec6324-a7bb-43f2-ba4a-1b492d4e425d" daemon [_thread_blocked, id=28628, stack(0x000000f1adc00000,0x000000f1add00000) (1024K)]
  0x000002bb675b1670 JavaThread "Equinox resolver thread - Equinox Container: 48ec6324-a7bb-43f2-ba4a-1b492d4e425d" daemon [_thread_blocked, id=956, stack(0x000000f1add00000,0x000000f1ade00000) (1024K)]
  0x000002bb675b2390 JavaThread "Equinox resolver thread - Equinox Container: 48ec6324-a7bb-43f2-ba4a-1b492d4e425d" daemon [_thread_blocked, id=31968, stack(0x000000f1ade00000,0x000000f1adf00000) (1024K)]
  0x000002bb675b1d00 JavaThread "Equinox resolver thread - Equinox Container: 48ec6324-a7bb-43f2-ba4a-1b492d4e425d" daemon [_thread_blocked, id=15904, stack(0x000000f1adf00000,0x000000f1ae000000) (1024K)]
  0x000002bb675aef10 JavaThread "Equinox resolver thread - Equinox Container: 48ec6324-a7bb-43f2-ba4a-1b492d4e425d" daemon [_thread_blocked, id=31876, stack(0x000000f1ae000000,0x000000f1ae100000) (1024K)]
  0x000002bb675af5a0 JavaThread "Equinox resolver thread - Equinox Container: 48ec6324-a7bb-43f2-ba4a-1b492d4e425d" daemon [_thread_blocked, id=21460, stack(0x000000f1ae100000,0x000000f1ae200000) (1024K)]
  0x000002bb675afc30 JavaThread "Active Thread: Equinox Container: 48ec6324-a7bb-43f2-ba4a-1b492d4e425d"        [_thread_blocked, id=14796, stack(0x000000f1ae200000,0x000000f1ae300000) (1024K)]
  0x000002bb6d568210 JavaThread "Framework Event Dispatcher: Equinox Container: 48ec6324-a7bb-43f2-ba4a-1b492d4e425d" daemon [_thread_blocked, id=32416, stack(0x000000f1ae400000,0x000000f1ae500000) (1024K)]
  0x000002bb6d5688a0 JavaThread "Start Level: Equinox Container: 48ec6324-a7bb-43f2-ba4a-1b492d4e425d" daemon [_thread_blocked, id=32052, stack(0x000000f1ae500000,0x000000f1ae600000) (1024K)]
  0x000002bb6d566140 JavaThread "Refresh Thread: Equinox Container: 48ec6324-a7bb-43f2-ba4a-1b492d4e425d" daemon [_thread_blocked, id=35812, stack(0x000000f1ae600000,0x000000f1ae700000) (1024K)]
  0x000002bb6d5667d0 JavaThread "Equinox resolver thread - Equinox Container: 48ec6324-a7bb-43f2-ba4a-1b492d4e425d" daemon [_thread_blocked, id=17492, stack(0x000000f1ae700000,0x000000f1ae800000) (1024K)]
  0x000002bb6d565420 JavaThread "Equinox resolver thread - Equinox Container: 48ec6324-a7bb-43f2-ba4a-1b492d4e425d" daemon [_thread_blocked, id=38352, stack(0x000000f1ae800000,0x000000f1ae900000) (1024K)]
  0x000002bb6d568f30 JavaThread "Equinox resolver thread - Equinox Container: 48ec6324-a7bb-43f2-ba4a-1b492d4e425d" daemon [_thread_blocked, id=31824, stack(0x000000f1ae900000,0x000000f1aea00000) (1024K)]
  0x000002bb6d566e60 JavaThread "Equinox resolver thread - Equinox Container: 48ec6324-a7bb-43f2-ba4a-1b492d4e425d" daemon [_thread_blocked, id=18920, stack(0x000000f1aea00000,0x000000f1aeb00000) (1024K)]
  0x000002bb6d5674f0 JavaThread "Equinox resolver thread - Equinox Container: 48ec6324-a7bb-43f2-ba4a-1b492d4e425d" daemon [_thread_blocked, id=27164, stack(0x000000f1aeb00000,0x000000f1aec00000) (1024K)]
  0x000002bb6d565ab0 JavaThread "Equinox resolver thread - Equinox Container: 48ec6324-a7bb-43f2-ba4a-1b492d4e425d" daemon [_thread_blocked, id=2232, stack(0x000000f1aec00000,0x000000f1aed00000) (1024K)]
  0x000002bb6d5695c0 JavaThread "Equinox resolver thread - Equinox Container: 48ec6324-a7bb-43f2-ba4a-1b492d4e425d" daemon [_thread_blocked, id=21532, stack(0x000000f1aed00000,0x000000f1aee00000) (1024K)]
  0x000002bb6d569c50 JavaThread "Equinox resolver thread - Equinox Container: 48ec6324-a7bb-43f2-ba4a-1b492d4e425d" daemon [_thread_blocked, id=24628, stack(0x000000f1aee00000,0x000000f1aef00000) (1024K)]
  0x000002bb6d56a2e0 JavaThread "Equinox resolver thread - Equinox Container: 48ec6324-a7bb-43f2-ba4a-1b492d4e425d" daemon [_thread_blocked, id=35668, stack(0x000000f1aef00000,0x000000f1af000000) (1024K)]
  0x000002bb6d56a970 JavaThread "Equinox resolver thread - Equinox Container: 48ec6324-a7bb-43f2-ba4a-1b492d4e425d" daemon [_thread_blocked, id=11992, stack(0x000000f1af000000,0x000000f1af100000) (1024K)]
  0x000002bb6dcfb8a0 JavaThread "C2 CompilerThread3"         daemon [_thread_in_native, id=9656, stack(0x000000f1af100000,0x000000f1af200000) (1024K)]
Total: 37

Other Threads:
  0x000002bb674b4b00 VMThread "VM Thread"                           [id=2784, stack(0x000000f1ac600000,0x000000f1ac700000) (1024K)]
  0x000002bb0e51ba00 WatcherThread "VM Periodic Task Thread"        [id=5616, stack(0x000000f1ac500000,0x000000f1ac600000) (1024K)]
  0x000002bb0e6b17a0 WorkerThread "GC Thread#0"                     [id=17604, stack(0x000000f1ac400000,0x000000f1ac500000) (1024K)]
  0x000002bb6d253620 WorkerThread "GC Thread#1"                     [id=16188, stack(0x000000f1ad600000,0x000000f1ad700000) (1024K)]
  0x000002bb6d2f8840 WorkerThread "GC Thread#2"                     [id=24324, stack(0x000000f1ad700000,0x000000f1ad800000) (1024K)]
  0x000002bb6d2539c0 WorkerThread "GC Thread#3"                     [id=12264, stack(0x000000f1ad800000,0x000000f1ad900000) (1024K)]
  0x000002bb6d43f0b0 WorkerThread "GC Thread#4"                     [id=9712, stack(0x000000f1ad900000,0x000000f1ada00000) (1024K)]
  0x000002bb6d43f450 WorkerThread "GC Thread#5"                     [id=17808, stack(0x000000f1ada00000,0x000000f1adb00000) (1024K)]
  0x000002bb6d43f7f0 WorkerThread "GC Thread#6"                     [id=5656, stack(0x000000f1adb00000,0x000000f1adc00000) (1024K)]
  0x000002bb6d6043a0 WorkerThread "GC Thread#7"                     [id=38772, stack(0x000000f1ae300000,0x000000f1ae400000) (1024K)]
  0x000002bb6d604740 WorkerThread "GC Thread#8"                     [id=37696, stack(0x000000f1af200000,0x000000f1af300000) (1024K)]
Total: 11

Threads with active compile tasks:
C2 CompilerThread0  1442 2309       4       org.apache.felix.resolver.PackageSpaces::mergeUses (494 bytes)
C1 CompilerThread0  1442 2447       3       java.util.EnumSet::typeCheck (59 bytes)
C1 CompilerThread1  1442 2444       3       org.eclipse.osgi.container.Module::checkValid (47 bytes)
C2 CompilerThread3  1442 2416       4       java.math.BigInteger::implMultiplyToLen (216 bytes)
Total: 4

VM state: not at safepoint (normal execution)

VM Mutex/Monitor currently owned by a thread:  ([mutex/lock_event])
[0x00007ffccc173fd8] MethodCompileQueue_lock - owner thread: 0x000002bb675b6d60
[0x00007ffccc175358] CodeCache_lock - owner thread: 0x000002bb675b6d60
[0x00007ffccc1754d8] Compile_lock - owner thread: 0x000002bb675b6d60

Heap address: 0x0000000080000000, size: 2048 MB, Compressed Oops mode: 32-bit

CDS archive(s) mapped at: [0x000002bb25000000-0x000002bb25ba0000-0x000002bb25ba0000), size 12189696, SharedBaseAddress: 0x000002bb25000000, ArchiveRelocationMode: 1.
Compressed class space mapped at: 0x000002bb26000000-0x000002bb66000000, reserved size: 1073741824
Narrow klass base: 0x000002bb25000000, Narrow klass shift: 0, Narrow klass range: 0x100000000

GC Precious Log:
 CardTable entry size: 512
 CPUs: 16 total, 16 available
 Memory: 15724M
 Large Page Support: Disabled
 NUMA Support: Disabled
 Compressed Oops: Enabled (32-bit)
 Alignments: Space 512K, Generation 512K, Heap 2M
 Heap Min Capacity: 100M
 Heap Initial Capacity: 100M
 Heap Max Capacity: 2G
 Pre-touch: Disabled
 Parallel Workers: 13

Heap:
 PSYoungGen      total 29696K, used 5607K [0x00000000d5580000, 0x00000000d7680000, 0x0000000100000000)
  eden space 25600K, 5% used [0x00000000d5580000,0x00000000d56feba8,0x00000000d6e80000)
  from space 4096K, 99% used [0x00000000d6e80000,0x00000000d727b440,0x00000000d7280000)
  to   space 4096K, 0% used [0x00000000d7280000,0x00000000d7280000,0x00000000d7680000)
 ParOldGen       total 68608K, used 3176K [0x0000000080000000, 0x0000000084300000, 0x00000000d5580000)
  object space 68608K, 4% used [0x0000000080000000,0x000000008031a368,0x0000000084300000)
 Metaspace       used 8935K, committed 9216K, reserved 1114112K
  class space    used 926K, committed 1088K, reserved 1048576K

Card table byte_map: [0x000002bb0e030000,0x000002bb0e440000] _byte_map_base: 0x000002bb0dc30000

Marking Bits: (ParMarkBitMap*) 0x00007ffccc17a340
 Begin Bits: [0x000002bb20b30000, 0x000002bb22b30000)
 End Bits:   [0x000002bb22b30000, 0x000002bb24b30000)

Polling page: 0x000002bb0c4b0000

Metaspace:

Usage:
  Non-class:      7.82 MB used.
      Class:    926.70 KB used.
       Both:      8.73 MB used.

Virtual space:
  Non-class space:       64.00 MB reserved,       7.94 MB ( 12%) committed,  1 nodes.
      Class space:        1.00 GB reserved,       1.06 MB ( <1%) committed,  1 nodes.
             Both:        1.06 GB reserved,       9.00 MB ( <1%) committed. 

Chunk freelists:
   Non-Class:  7.89 MB
       Class:  14.83 MB
        Both:  22.72 MB

MaxMetaspaceSize: unlimited
CompressedClassSpaceSize: 1.00 GB
Initial GC threshold: 21.00 MB
Current GC threshold: 21.00 MB
CDS: on
 - commit_granule_bytes: 65536.
 - commit_granule_words: 8192.
 - virtual_space_node_default_size: 8388608.
 - enlarge_chunks_in_place: 1.
 - use_allocation_guard: 0.


Internal statistics:

num_allocs_failed_limit: 0.
num_arena_births: 234.
num_arena_deaths: 0.
num_vsnodes_births: 2.
num_vsnodes_deaths: 0.
num_space_committed: 144.
num_space_uncommitted: 0.
num_chunks_returned_to_freelist: 0.
num_chunks_taken_from_freelist: 455.
num_chunk_merges: 0.
num_chunk_splits: 296.
num_chunks_enlarged: 204.
num_inconsistent_stats: 0.

CodeHeap 'non-profiled nmethods': size=119168Kb used=965Kb max_used=965Kb free=118203Kb
 bounds [0x000002bb19420000, 0x000002bb19690000, 0x000002bb20880000]
CodeHeap 'profiled nmethods': size=119104Kb used=4735Kb max_used=4735Kb free=114368Kb
 bounds [0x000002bb11880000, 0x000002bb11d20000, 0x000002bb18cd0000]
CodeHeap 'non-nmethods': size=7488Kb used=2911Kb max_used=2938Kb free=4576Kb
 bounds [0x000002bb18cd0000, 0x000002bb18fb0000, 0x000002bb19420000]
CodeCache: size=245760Kb, used=8611Kb, max_used=8638Kb, free=237147Kb
 total_blobs=2926, nmethods=2441, adapters=388, full_count=0
Compilation: enabled, stopped_count=0, restarted_count=0

Compilation events (20 events):
Event: 1.411 Thread 0x000002bb675b7f70 nmethod 2409 0x000002bb11d10d90 code [0x000002bb11d11280, 0x000002bb11d134b0]
Event: 1.412 Thread 0x000002bb6dcfb8a0 nmethod 2380 0x000002bb1950ab90 code [0x000002bb1950ad40, 0x000002bb1950b200]
Event: 1.412 Thread 0x000002bb6dcfb8a0 2391       4       java.util.ArrayList::<init> (61 bytes)
Event: 1.413 Thread 0x000002bb6dcfb8a0 nmethod 2391 0x000002bb1950b490 code [0x000002bb1950b620, 0x000002bb1950b828]
Event: 1.418 Thread 0x000002bb6dcfb8a0 2396       4       java.util.LinkedHashMap$LinkedHashIterator::nextNode (68 bytes)
Event: 1.418 Thread 0x000002bb677c0b50 2412   !   3       java.lang.ref.NativeReferenceQueue::enqueue (20 bytes)
Event: 1.418 Thread 0x000002bb675b6d60 2414       3       java.lang.ref.NativeReferenceQueue::signal (8 bytes)
Event: 1.419 Thread 0x000002bb675b6d60 nmethod 2414 0x000002bb11d14290 code [0x000002bb11d14440, 0x000002bb11d14580]
Event: 1.419 Thread 0x000002bb677c0b50 nmethod 2412 0x000002bb11d14690 code [0x000002bb11d14840, 0x000002bb11d14a70]
Event: 1.419 Thread 0x000002bb674b6fe0 2415       3       sun.security.util.DerValue::toByteArray (91 bytes)
Event: 1.419 Thread 0x000002bb6dcfb8a0 nmethod 2396 0x000002bb1950bd10 code [0x000002bb1950bea0, 0x000002bb1950bfd0]
Event: 1.419 Thread 0x000002bb6dcfb8a0 2252       4       java.lang.Thread::onSpinWait (1 bytes)
Event: 1.419 Thread 0x000002bb6dcfb8a0 nmethod 2252 0x000002bb1950c110 code [0x000002bb1950c280, 0x000002bb1950c2e8]
Event: 1.420 Thread 0x000002bb674b6fe0 nmethod 2415 0x000002bb11d14b90 code [0x000002bb11d14dc0, 0x000002bb11d155b8]
Event: 1.420 Thread 0x000002bb6dcfb8a0 2416       4       java.math.BigInteger::implMultiplyToLen (216 bytes)
Event: 1.420 Thread 0x000002bb675b6d60 2418       3       java.math.BigInteger::implSquareToLen (154 bytes)
Event: 1.420 Thread 0x000002bb674b6fe0 2419       3       java.math.BigInteger::shiftLeftImplWorker (43 bytes)
Event: 1.421 Thread 0x000002bb674b6fe0 nmethod 2419 0x000002bb11d15910 code [0x000002bb11d15ac0, 0x000002bb11d15ce8]
Event: 1.421 Thread 0x000002bb675b6d60 nmethod 2418 0x000002bb11d15e90 code [0x000002bb11d160a0, 0x000002bb11d16548]
Event: 1.422 Thread 0x000002bb674b6fe0 2420       3       java.math.MutableBigInteger::divWord (108 bytes)

GC Heap History (6 events):
Event: 0.548 GC heap before
{Heap before GC invocations=1 (full 0):
 PSYoungGen      total 29696K, used 25600K [0x00000000d5580000, 0x00000000d7680000, 0x0000000100000000)
  eden space 25600K, 100% used [0x00000000d5580000,0x00000000d6e80000,0x00000000d6e80000)
  from space 4096K, 0% used [0x00000000d7280000,0x00000000d7280000,0x00000000d7680000)
  to   space 4096K, 0% used [0x00000000d6e80000,0x00000000d6e80000,0x00000000d7280000)
 ParOldGen       total 68608K, used 0K [0x0000000080000000, 0x0000000084300000, 0x00000000d5580000)
  object space 68608K, 0% used [0x0000000080000000,0x0000000080000000,0x0000000084300000)
 Metaspace       used 4168K, committed 4416K, reserved 1114112K
  class space    used 453K, committed 576K, reserved 1048576K
}
Event: 0.555 GC heap after
{Heap after GC invocations=1 (full 0):
 PSYoungGen      total 29696K, used 3588K [0x00000000d5580000, 0x00000000d7680000, 0x0000000100000000)
  eden space 25600K, 0% used [0x00000000d5580000,0x00000000d5580000,0x00000000d6e80000)
  from space 4096K, 87% used [0x00000000d6e80000,0x00000000d7201050,0x00000000d7280000)
  to   space 4096K, 0% used [0x00000000d7280000,0x00000000d7280000,0x00000000d7680000)
 ParOldGen       total 68608K, used 16K [0x0000000080000000, 0x0000000084300000, 0x00000000d5580000)
  object space 68608K, 0% used [0x0000000080000000,0x0000000080004000,0x0000000084300000)
 Metaspace       used 4168K, committed 4416K, reserved 1114112K
  class space    used 453K, committed 576K, reserved 1048576K
}
Event: 1.042 GC heap before
{Heap before GC invocations=2 (full 0):
 PSYoungGen      total 29696K, used 29188K [0x00000000d5580000, 0x00000000d7680000, 0x0000000100000000)
  eden space 25600K, 100% used [0x00000000d5580000,0x00000000d6e80000,0x00000000d6e80000)
  from space 4096K, 87% used [0x00000000d6e80000,0x00000000d7201050,0x00000000d7280000)
  to   space 4096K, 0% used [0x00000000d7280000,0x00000000d7280000,0x00000000d7680000)
 ParOldGen       total 68608K, used 16K [0x0000000080000000, 0x0000000084300000, 0x00000000d5580000)
  object space 68608K, 0% used [0x0000000080000000,0x0000000080004000,0x0000000084300000)
 Metaspace       used 8109K, committed 8320K, reserved 1114112K
  class space    used 855K, committed 960K, reserved 1048576K
}
Event: 1.045 GC heap after
{Heap after GC invocations=2 (full 0):
 PSYoungGen      total 29696K, used 4071K [0x00000000d5580000, 0x00000000d7680000, 0x0000000100000000)
  eden space 25600K, 0% used [0x00000000d5580000,0x00000000d5580000,0x00000000d6e80000)
  from space 4096K, 99% used [0x00000000d7280000,0x00000000d7679e18,0x00000000d7680000)
  to   space 4096K, 0% used [0x00000000d6e80000,0x00000000d6e80000,0x00000000d7280000)
 ParOldGen       total 68608K, used 32K [0x0000000080000000, 0x0000000084300000, 0x00000000d5580000)
  object space 68608K, 0% used [0x0000000080000000,0x0000000080008000,0x0000000084300000)
 Metaspace       used 8109K, committed 8320K, reserved 1114112K
  class space    used 855K, committed 960K, reserved 1048576K
}
Event: 1.413 GC heap before
{Heap before GC invocations=3 (full 0):
 PSYoungGen      total 29696K, used 29670K [0x00000000d5580000, 0x00000000d7680000, 0x0000000100000000)
  eden space 25600K, 99% used [0x00000000d5580000,0x00000000d6e7fa88,0x00000000d6e80000)
  from space 4096K, 99% used [0x00000000d7280000,0x00000000d7679e18,0x00000000d7680000)
  to   space 4096K, 0% used [0x00000000d6e80000,0x00000000d6e80000,0x00000000d7280000)
 ParOldGen       total 68608K, used 32K [0x0000000080000000, 0x0000000084300000, 0x00000000d5580000)
  object space 68608K, 0% used [0x0000000080000000,0x0000000080008000,0x0000000084300000)
 Metaspace       used 8772K, committed 9088K, reserved 1114112K
  class space    used 912K, committed 1088K, reserved 1048576K
}
Event: 1.418 GC heap after
{Heap after GC invocations=3 (full 0):
 PSYoungGen      total 29696K, used 4077K [0x00000000d5580000, 0x00000000d7680000, 0x0000000100000000)
  eden space 25600K, 0% used [0x00000000d5580000,0x00000000d5580000,0x00000000d6e80000)
  from space 4096K, 99% used [0x00000000d6e80000,0x00000000d727b440,0x00000000d7280000)
  to   space 4096K, 0% used [0x00000000d7280000,0x00000000d7280000,0x00000000d7680000)
 ParOldGen       total 68608K, used 3176K [0x0000000080000000, 0x0000000084300000, 0x00000000d5580000)
  object space 68608K, 4% used [0x0000000080000000,0x000000008031a368,0x0000000084300000)
 Metaspace       used 8772K, committed 9088K, reserved 1114112K
  class space    used 912K, committed 1088K, reserved 1048576K
}

Dll operation events (9 events):
Event: 0.009 Loaded shared library c:\Users\Ni Wayan Amanda\.vscode\extensions\redhat.java-1.46.2025091808-win32-x64\jre\21.0.8-win32-x86_64\bin\java.dll
Event: 0.054 Loaded shared library c:\Users\Ni Wayan Amanda\.vscode\extensions\redhat.java-1.46.2025091808-win32-x64\jre\21.0.8-win32-x86_64\bin\zip.dll
Event: 0.067 Loaded shared library C:\Users\Ni Wayan Amanda\.vscode\extensions\redhat.java-1.46.2025091808-win32-x64\jre\21.0.8-win32-x86_64\bin\instrument.dll
Event: 0.071 Loaded shared library C:\Users\Ni Wayan Amanda\.vscode\extensions\redhat.java-1.46.2025091808-win32-x64\jre\21.0.8-win32-x86_64\bin\net.dll
Event: 0.073 Loaded shared library C:\Users\Ni Wayan Amanda\.vscode\extensions\redhat.java-1.46.2025091808-win32-x64\jre\21.0.8-win32-x86_64\bin\nio.dll
Event: 0.075 Loaded shared library C:\Users\Ni Wayan Amanda\.vscode\extensions\redhat.java-1.46.2025091808-win32-x64\jre\21.0.8-win32-x86_64\bin\zip.dll
Event: 0.088 Loaded shared library C:\Users\Ni Wayan Amanda\.vscode\extensions\redhat.java-1.46.2025091808-win32-x64\jre\21.0.8-win32-x86_64\bin\jimage.dll
Event: 0.145 Loaded shared library c:\Users\Ni Wayan Amanda\.vscode\extensions\redhat.java-1.46.2025091808-win32-x64\jre\21.0.8-win32-x86_64\bin\verify.dll
Event: 1.336 Loaded shared library C:\Users\Ni Wayan Amanda\AppData\Roaming\Code\User\globalStorage\redhat.java\1.46.2025091808\config_ss_win\org.eclipse.equinox.launcher\org.eclipse.equinox.launcher.win32.win32.x86_64_1.2.1400.v20250801-0854\eclipse_11916.dll

Deoptimization events (20 events):
Event: 1.375 Thread 0x000002bb6d5674f0 Uncommon trap: trap_request=0xffffff45 fr.pc=0x000002bb194c1a30 relative=0x0000000000000270
Event: 1.375 Thread 0x000002bb6d5667d0 Uncommon trap: reason=unstable_if action=reinterpret pc=0x000002bb194c1a30 method=java.util.concurrent.ConcurrentHashMap.get(Ljava/lang/Object;)Ljava/lang/Object; @ 86 c2
Event: 1.375 Thread 0x000002bb675b1d00 Uncommon trap: reason=unstable_if action=reinterpret pc=0x000002bb194c1a30 method=java.util.concurrent.ConcurrentHashMap.get(Ljava/lang/Object;)Ljava/lang/Object; @ 86 c2
Event: 1.375 Thread 0x000002bb6d5674f0 Uncommon trap: reason=unstable_if action=reinterpret pc=0x000002bb194c1a30 method=java.util.concurrent.ConcurrentHashMap.get(Ljava/lang/Object;)Ljava/lang/Object; @ 86 c2
Event: 1.375 Thread 0x000002bb6d5667d0 DEOPT PACKING pc=0x000002bb194c1a30 sp=0x000000f1ae7fee30
Event: 1.375 Thread 0x000002bb6d5667d0 DEOPT UNPACKING pc=0x000002bb18d23aa2 sp=0x000000f1ae7feda8 mode 2
Event: 1.375 Thread 0x000002bb675b1d00 DEOPT PACKING pc=0x000002bb194c1a30 sp=0x000000f1adfff0f0
Event: 1.375 Thread 0x000002bb675b1d00 DEOPT UNPACKING pc=0x000002bb18d23aa2 sp=0x000000f1adfff068 mode 2
Event: 1.375 Thread 0x000002bb6d5674f0 DEOPT PACKING pc=0x000002bb194c1a30 sp=0x000000f1aebfe9c0
Event: 1.375 Thread 0x000002bb6d5674f0 DEOPT UNPACKING pc=0x000002bb18d23aa2 sp=0x000000f1aebfe938 mode 2
Event: 1.413 Thread 0x000002bb6d566140 Uncommon trap: trap_request=0xffffffcc fr.pc=0x000002bb1950b07c relative=0x000000000000033c
Event: 1.413 Thread 0x000002bb6d566140 Uncommon trap: reason=intrinsic_or_type_checked_inlining action=make_not_entrant pc=0x000002bb1950b07c method=java.util.Arrays.copyOf([Ljava/lang/Object;ILjava/lang/Class;)[Ljava/lang/Object; @ 35 c2
Event: 1.413 Thread 0x000002bb6d566140 DEOPT PACKING pc=0x000002bb1950b07c sp=0x000000f1ae6fda10
Event: 1.413 Thread 0x000002bb6d566140 DEOPT UNPACKING pc=0x000002bb18d23aa2 sp=0x000000f1ae6fd9b8 mode 2
Event: 1.420 Thread 0x000002bb6d566140 DEOPT PACKING pc=0x000002bb11a2d608 sp=0x000000f1ae6fcdb0
Event: 1.420 Thread 0x000002bb6d566140 DEOPT UNPACKING pc=0x000002bb18d24242 sp=0x000000f1ae6fc230 mode 0
Event: 1.420 Thread 0x000002bb6d566140 DEOPT PACKING pc=0x000002bb11995706 sp=0x000000f1ae6fcc60
Event: 1.420 Thread 0x000002bb6d566140 DEOPT UNPACKING pc=0x000002bb18d24242 sp=0x000000f1ae6fc0e0 mode 0
Event: 1.421 Thread 0x000002bb6d566140 DEOPT PACKING pc=0x000002bb11a2d608 sp=0x000000f1ae6fd0b0
Event: 1.421 Thread 0x000002bb6d566140 DEOPT UNPACKING pc=0x000002bb18d24242 sp=0x000000f1ae6fc530 mode 0

Classes loaded (20 events):
Event: 1.059 Loading class sun/nio/fs/WindowsChannelFactory$1
Event: 1.059 Loading class sun/nio/fs/WindowsChannelFactory$1 done
Event: 1.059 Loading class sun/nio/fs/WindowsChannelFactory$Flags
Event: 1.059 Loading class sun/nio/fs/WindowsChannelFactory$Flags done
Event: 1.060 Loading class sun/nio/ch/FileChannelImpl$Closer
Event: 1.060 Loading class sun/nio/ch/FileChannelImpl$Closer done
Event: 1.111 Loading class java/util/MissingResourceException
Event: 1.111 Loading class java/util/MissingResourceException done
Event: 1.333 Loading class java/util/ArrayList$ListItr
Event: 1.333 Loading class java/util/ArrayList$ListItr done
Event: 1.337 Loading class java/util/Collections$ReverseComparator
Event: 1.337 Loading class java/util/concurrent/locks/AbstractQueuedSynchronizer$SharedNode
Event: 1.337 Loading class java/util/concurrent/locks/AbstractQueuedSynchronizer$SharedNode done
Event: 1.337 Loading class java/util/Collections$ReverseComparator done
Event: 1.337 Loading class java/util/Comparators$NaturalOrderComparator
Event: 1.337 Loading class java/util/Comparators$NaturalOrderComparator done
Event: 1.337 Loading class java/util/Collections$ReverseComparator2
Event: 1.337 Loading class java/util/Collections$ReverseComparator2 done
Event: 1.365 Loading class java/util/AbstractList$Itr
Event: 1.365 Loading class java/util/AbstractList$Itr done

Classes unloaded (0 events):
No events

Classes redefined (0 events):
No events

Internal exceptions (20 events):
Event: 0.587 Thread 0x000002bb0c31a000 Exception <a 'java/lang/ClassNotFoundException'{0x00000000d588cb98}: sun/net/www/protocol/c/Handler> (0x00000000d588cb98) 
thrown [s\src\hotspot\share\classfile\systemDictionary.cpp, line 312]
Event: 0.588 Thread 0x000002bb0c31a000 Exception <a 'java/lang/ClassNotFoundException'{0x00000000d588e018}: sun/net/www/protocol/c/Handler> (0x00000000d588e018) 
thrown [s\src\hotspot\share\classfile\systemDictionary.cpp, line 312]
Event: 0.588 Thread 0x000002bb0c31a000 Exception <a 'java/lang/ClassNotFoundException'{0x00000000d588f340}: sun/net/www/protocol/c/Handler> (0x00000000d588f340) 
thrown [s\src\hotspot\share\classfile\systemDictionary.cpp, line 312]
Event: 0.596 Thread 0x000002bb0c31a000 Exception <a 'java/io/FileNotFoundException'{0x00000000d58b67f8}> (0x00000000d58b67f8) 
thrown [s\src\hotspot\share\prims\jni.cpp, line 520]
Event: 0.635 Thread 0x000002bb0c31a000 Implicit null exception at 0x000002bb1948b949 to 0x000002bb1948c404
Event: 0.635 Thread 0x000002bb0c31a000 Implicit null exception at 0x000002bb1948059a to 0x000002bb194807a4
Event: 0.636 Thread 0x000002bb0c31a000 Exception <a 'java/lang/NoSuchMethodError'{0x00000000d59e4f48}: 'void java.lang.invoke.DirectMethodHandle$Holder.invokeStatic(java.lang.Object, java.lang.Object, java.lang.Object, java.lang.Object)'> (0x00000000d59e4f48) 
thrown [s\src\hotspot\share\interpreter\linkResolver.cpp, line 773]
Event: 0.637 Thread 0x000002bb0c31a000 Implicit null exception at 0x000002bb1948431a to 0x000002bb19484528
Event: 0.637 Thread 0x000002bb0c31a000 Implicit null exception at 0x000002bb1947e1bd to 0x000002bb1947e241
Event: 0.737 Thread 0x000002bb0c31a000 Exception <a 'java/lang/NoSuchMethodError'{0x00000000d5e49548}: 'int java.lang.invoke.DirectMethodHandle$Holder.invokeVirtual(java.lang.Object, java.lang.Object)'> (0x00000000d5e49548) 
thrown [s\src\hotspot\share\interpreter\linkResolver.cpp, line 773]
Event: 0.952 Thread 0x000002bb0c31a000 Exception <a 'java/lang/IncompatibleClassChangeError'{0x00000000d686e198}: Found class java.lang.Object, but interface was expected> (0x00000000d686e198) 
thrown [s\src\hotspot\share\interpreter\linkResolver.cpp, line 840]
Event: 0.955 Thread 0x000002bb0c31a000 Exception <a 'java/lang/NoSuchMethodError'{0x00000000d687d5c0}: 'void java.lang.invoke.DirectMethodHandle$Holder.invokeInterface(java.lang.Object, java.lang.Object, java.lang.Object)'> (0x00000000d687d5c0) 
thrown [s\src\hotspot\share\interpreter\linkResolver.cpp, line 773]
Event: 0.978 Thread 0x000002bb0c31a000 Exception <a 'java/lang/NoSuchMethodError'{0x00000000d6a3cca0}: 'int java.lang.invoke.DirectMethodHandle$Holder.invokeStaticInit(java.lang.Object, java.lang.Object, java.lang.Object, java.lang.Object)'> (0x00000000d6a3cca0) 
thrown [s\src\hotspot\share\interpreter\linkResolver.cpp, line 773]
Event: 0.978 Thread 0x000002bb0c31a000 Exception <a 'java/lang/NoSuchMethodError'{0x00000000d6a47330}: 'void java.lang.invoke.DirectMethodHandle$Holder.invokeStaticInit(java.lang.Object, java.lang.Object)'> (0x00000000d6a47330) 
thrown [s\src\hotspot\share\interpreter\linkResolver.cpp, line 773]
Event: 0.979 Thread 0x000002bb0c31a000 Exception <a 'java/lang/NoSuchMethodError'{0x00000000d6a4c8d0}: 'int java.lang.invoke.DirectMethodHandle$Holder.invokeStaticInit(java.lang.Object, java.lang.Object)'> (0x00000000d6a4c8d0) 
thrown [s\src\hotspot\share\interpreter\linkResolver.cpp, line 773]
Event: 1.006 Thread 0x000002bb0c31a000 Exception <a 'java/lang/NoSuchMethodError'{0x00000000d6c3ea10}: 'java.lang.Object java.lang.invoke.DirectMethodHandle$Holder.newInvokeSpecial(java.lang.Object, int, java.lang.Object)'> (0x00000000d6c3ea10) 
thrown [s\src\hotspot\share\interpreter\linkResolver.cpp, line 773]
Event: 1.028 Thread 0x000002bb0c31a000 Exception <a 'java/lang/ClassNotFoundException'{0x00000000d6dbd838}: sun/net/www/protocol/plurl/Handler> (0x00000000d6dbd838) 
thrown [s\src\hotspot\share\classfile\systemDictionary.cpp, line 312]
Event: 1.029 Thread 0x000002bb0c31a000 Exception <a 'java/lang/ClassNotFoundException'{0x00000000d6dbe6b8}: sun/net/www/protocol/plurl/Handler> (0x00000000d6dbe6b8) 
thrown [s\src\hotspot\share\classfile\systemDictionary.cpp, line 312]
Event: 1.032 Thread 0x000002bb0c31a000 Exception <a 'java/lang/NoSuchMethodError'{0x00000000d6dfeb48}: 'void java.lang.invoke.DirectMethodHandle$Holder.invokeSpecial(java.lang.Object, java.lang.Object, java.lang.Object)'> (0x00000000d6dfeb48) 
thrown [s\src\hotspot\share\interpreter\linkResolver.cpp, line 773]
Event: 1.332 Thread 0x000002bb0c31a000 Exception <a 'java/lang/UnsatisfiedLinkError'{0x00000000d6549760}: 'void org.eclipse.equinox.launcher.JNIBridge._update_splash()'> (0x00000000d6549760) 
thrown [s\src\hotspot\share\prims\nativeLookup.cpp, line 415]

ZGC Phase Switch (0 events):
No events

VM Operations (20 events):
Event: 0.548 Executing VM operation: ParallelGCFailedAllocation (Allocation Failure)
Event: 0.555 Executing VM operation: ParallelGCFailedAllocation (Allocation Failure) done
Event: 0.620 Executing VM operation: HandshakeAllThreads (Deoptimize)
Event: 0.620 Executing VM operation: HandshakeAllThreads (Deoptimize) done
Event: 0.902 Executing VM operation: HandshakeAllThreads (Deoptimize)
Event: 0.902 Executing VM operation: HandshakeAllThreads (Deoptimize) done
Event: 0.994 Executing VM operation: HandshakeAllThreads (Deoptimize)
Event: 0.994 Executing VM operation: HandshakeAllThreads (Deoptimize) done
Event: 1.025 Executing VM operation: HandshakeAllThreads (Deoptimize)
Event: 1.025 Executing VM operation: HandshakeAllThreads (Deoptimize) done
Event: 1.041 Executing VM operation: ParallelGCFailedAllocation (Allocation Failure)
Event: 1.045 Executing VM operation: ParallelGCFailedAllocation (Allocation Failure) done
Event: 1.334 Executing VM operation: HandshakeAllThreads (Deoptimize)
Event: 1.334 Executing VM operation: HandshakeAllThreads (Deoptimize) done
Event: 1.360 Executing VM operation: HandshakeAllThreads (Deoptimize)
Event: 1.360 Executing VM operation: HandshakeAllThreads (Deoptimize) done
Event: 1.408 Executing VM operation: ICBufferFull
Event: 1.408 Executing VM operation: ICBufferFull done
Event: 1.413 Executing VM operation: ParallelGCFailedAllocation (Allocation Failure)
Event: 1.418 Executing VM operation: ParallelGCFailedAllocation (Allocation Failure) done

Memory protections (0 events):
No events

Nmethod flushes (0 events):
No events

Events (20 events):
Event: 0.943 Thread 0x000002bb675b0fe0 Thread added: 0x000002bb675b1670
Event: 0.945 Thread 0x000002bb0c31a000 Thread added: 0x000002bb675b2390
Event: 0.948 Thread 0x000002bb0c31a000 Thread added: 0x000002bb675b1d00
Event: 0.949 Thread 0x000002bb0c31a000 Thread added: 0x000002bb675aef10
Event: 0.950 Thread 0x000002bb0c31a000 Thread added: 0x000002bb675af5a0
Event: 0.986 Thread 0x000002bb0c31a000 Thread added: 0x000002bb675afc30
Event: 1.110 Thread 0x000002bb0c31a000 Thread added: 0x000002bb6d568210
Event: 1.112 Thread 0x000002bb0c31a000 Thread added: 0x000002bb6d5688a0
Event: 1.331 Thread 0x000002bb0c31a000 Thread added: 0x000002bb6d566140
Event: 1.363 Thread 0x000002bb6d566140 Thread added: 0x000002bb6d5667d0
Event: 1.363 Thread 0x000002bb6d566140 Thread added: 0x000002bb6d565420
Event: 1.363 Thread 0x000002bb6d566140 Thread added: 0x000002bb6d568f30
Event: 1.363 Thread 0x000002bb6d566140 Thread added: 0x000002bb6d566e60
Event: 1.363 Thread 0x000002bb6d565420 Thread added: 0x000002bb6d5674f0
Event: 1.363 Thread 0x000002bb6d5667d0 Thread added: 0x000002bb6d565ab0
Event: 1.363 Thread 0x000002bb6d566140 Thread added: 0x000002bb6d5695c0
Event: 1.363 Thread 0x000002bb6d566140 Thread added: 0x000002bb6d569c50
Event: 1.363 Thread 0x000002bb6d566140 Thread added: 0x000002bb6d56a2e0
Event: 1.364 Thread 0x000002bb6d5695c0 Thread added: 0x000002bb6d56a970
Event: 1.370 Thread 0x000002bb0e74bcf0 Thread added: 0x000002bb6dcfb8a0


Dynamic libraries:
0x00007ff73b930000 - 0x00007ff73b93e000 	c:\Users\Ni Wayan Amanda\.vscode\extensions\redhat.java-1.46.2025091808-win32-x64\jre\21.0.8-win32-x86_64\bin\java.exe
0x00007ffdb5260000 - 0x00007ffdb54c9000 	C:\WINDOWS\SYSTEM32\ntdll.dll
0x00007ffdb3fa0000 - 0x00007ffdb4069000 	C:\WINDOWS\System32\KERNEL32.DLL
0x00007ffdb2980000 - 0x00007ffdb2d73000 	C:\WINDOWS\System32\KERNELBASE.dll
0x00007ffdb2db0000 - 0x00007ffdb2efb000 	C:\WINDOWS\System32\ucrtbase.dll
0x00007ffd70940000 - 0x00007ffd70958000 	c:\Users\Ni Wayan Amanda\.vscode\extensions\redhat.java-1.46.2025091808-win32-x64\jre\21.0.8-win32-x86_64\bin\jli.dll
0x00007ffd70720000 - 0x00007ffd7073e000 	c:\Users\Ni Wayan Amanda\.vscode\extensions\redhat.java-1.46.2025091808-win32-x64\jre\21.0.8-win32-x86_64\bin\VCRUNTIME140.dll
0x00007ffdb4fd0000 - 0x00007ffdb5194000 	C:\WINDOWS\System32\USER32.dll
0x00007ffdb2d80000 - 0x00007ffdb2da7000 	C:\WINDOWS\System32\win32u.dll
0x00007ffd9eea0000 - 0x00007ffd9f133000 	C:\WINDOWS\WinSxS\amd64_microsoft.windows.common-controls_6595b64144ccf1df_6.0.26100.5074_none_3e0d6f78e32fd63f\COMCTL32.dll
0x00007ffdb4070000 - 0x00007ffdb409b000 	C:\WINDOWS\System32\GDI32.dll
0x00007ffdb3610000 - 0x00007ffdb36b9000 	C:\WINDOWS\System32\msvcrt.dll
0x00007ffdb27a0000 - 0x00007ffdb28cd000 	C:\WINDOWS\System32\gdi32full.dll
0x00007ffdb28d0000 - 0x00007ffdb2973000 	C:\WINDOWS\System32\msvcp_win.dll
0x00007ffdb4a60000 - 0x00007ffdb4a8f000 	C:\WINDOWS\System32\IMM32.DLL
0x00007ffd99fb0000 - 0x00007ffd99fbc000 	c:\Users\Ni Wayan Amanda\.vscode\extensions\redhat.java-1.46.2025091808-win32-x64\jre\21.0.8-win32-x86_64\bin\vcruntime140_1.dll
0x00007ffd54110000 - 0x00007ffd5419d000 	c:\Users\Ni Wayan Amanda\.vscode\extensions\redhat.java-1.46.2025091808-win32-x64\jre\21.0.8-win32-x86_64\bin\msvcp140.dll
0x00007ffccb4c0000 - 0x00007ffccc257000 	c:\Users\Ni Wayan Amanda\.vscode\extensions\redhat.java-1.46.2025091808-win32-x64\jre\21.0.8-win32-x86_64\bin\server\jvm.dll
0x00007ffdb3a10000 - 0x00007ffdb3ac4000 	C:\WINDOWS\System32\ADVAPI32.dll
0x00007ffdb4f20000 - 0x00007ffdb4fc6000 	C:\WINDOWS\System32\sechost.dll
0x00007ffdb4840000 - 0x00007ffdb4958000 	C:\WINDOWS\System32\RPCRT4.dll
0x00007ffdb4ea0000 - 0x00007ffdb4f14000 	C:\WINDOWS\System32\WS2_32.dll
0x00007ffdb1000000 - 0x00007ffdb105e000 	C:\WINDOWS\SYSTEM32\POWRPROF.dll
0x00007ffda8d00000 - 0x00007ffda8d35000 	C:\WINDOWS\SYSTEM32\WINMM.dll
0x00007ffda9bb0000 - 0x00007ffda9bbb000 	C:\WINDOWS\SYSTEM32\VERSION.dll
0x00007ffdb0fe0000 - 0x00007ffdb0ff4000 	C:\WINDOWS\SYSTEM32\UMPDC.dll
0x00007ffdb12d0000 - 0x00007ffdb12eb000 	C:\WINDOWS\SYSTEM32\kernel.appcore.dll
0x00007ffd8bb90000 - 0x00007ffd8bb9a000 	c:\Users\Ni Wayan Amanda\.vscode\extensions\redhat.java-1.46.2025091808-win32-x64\jre\21.0.8-win32-x86_64\bin\jimage.dll
0x00007ffdafc40000 - 0x00007ffdafe82000 	C:\WINDOWS\SYSTEM32\DBGHELP.DLL
0x00007ffdb4b20000 - 0x00007ffdb4e9b000 	C:\WINDOWS\System32\combase.dll
0x00007ffdb3520000 - 0x00007ffdb35f7000 	C:\WINDOWS\System32\OLEAUT32.dll
0x00007ffd8e2f0000 - 0x00007ffd8e32d000 	C:\WINDOWS\SYSTEM32\dbgcore.DLL
0x00007ffdb2f00000 - 0x00007ffdb2f99000 	C:\WINDOWS\System32\bcryptPrimitives.dll
0x00007ffd88480000 - 0x00007ffd8848f000 	c:\Users\Ni Wayan Amanda\.vscode\extensions\redhat.java-1.46.2025091808-win32-x64\jre\21.0.8-win32-x86_64\bin\instrument.dll
0x00007ffd69620000 - 0x00007ffd6963f000 	c:\Users\Ni Wayan Amanda\.vscode\extensions\redhat.java-1.46.2025091808-win32-x64\jre\21.0.8-win32-x86_64\bin\java.dll
0x00007ffdb40f0000 - 0x00007ffdb483d000 	C:\WINDOWS\System32\SHELL32.dll
0x00007ffdb23f0000 - 0x00007ffdb255c000 	C:\WINDOWS\System32\wintypes.dll
0x00007ffdb0050000 - 0x00007ffdb08a9000 	C:\WINDOWS\SYSTEM32\windows.storage.dll
0x00007ffdb3910000 - 0x00007ffdb3a00000 	C:\WINDOWS\System32\SHCORE.dll
0x00007ffdb38a0000 - 0x00007ffdb3902000 	C:\WINDOWS\System32\shlwapi.dll
0x00007ffdb2310000 - 0x00007ffdb2339000 	C:\WINDOWS\SYSTEM32\profapi.dll
0x00007ffd66140000 - 0x00007ffd66158000 	c:\Users\Ni Wayan Amanda\.vscode\extensions\redhat.java-1.46.2025091808-win32-x64\jre\21.0.8-win32-x86_64\bin\zip.dll
0x00007ffd763c0000 - 0x00007ffd763d0000 	C:\Users\Ni Wayan Amanda\.vscode\extensions\redhat.java-1.46.2025091808-win32-x64\jre\21.0.8-win32-x86_64\bin\net.dll
0x00007ffdaaa40000 - 0x00007ffdaab5f000 	C:\WINDOWS\SYSTEM32\WINHTTP.dll
0x00007ffdb1870000 - 0x00007ffdb18db000 	C:\WINDOWS\system32\mswsock.dll
0x00007ffd66120000 - 0x00007ffd66136000 	C:\Users\Ni Wayan Amanda\.vscode\extensions\redhat.java-1.46.2025091808-win32-x64\jre\21.0.8-win32-x86_64\bin\nio.dll
0x00007ffd722c0000 - 0x00007ffd722d0000 	c:\Users\Ni Wayan Amanda\.vscode\extensions\redhat.java-1.46.2025091808-win32-x64\jre\21.0.8-win32-x86_64\bin\verify.dll
0x00007ffd5a110000 - 0x00007ffd5a154000 	C:\Users\Ni Wayan Amanda\AppData\Roaming\Code\User\globalStorage\redhat.java\1.46.2025091808\config_ss_win\org.eclipse.equinox.launcher\org.eclipse.equinox.launcher.win32.win32.x86_64_1.2.1400.v20250801-0854\eclipse_11916.dll
0x00007ffdb3d10000 - 0x00007ffdb3ea8000 	C:\WINDOWS\System32\ole32.dll

JVMTI agents:
c:\Users\Ni Wayan Amanda\.vscode\extensions\redhat.java-1.46.2025091808-win32-x64\lombok\lombok-1.18.39-4050.jar path:c:\Users\Ni Wayan Amanda\.vscode\extensions\redhat.java-1.46.2025091808-win32-x64\jre\21.0.8-win32-x86_64\bin\instrument.dll, loaded, initialized, instrumentlib options:none

dbghelp: loaded successfully - version: 4.0.5 - missing functions: none
symbol engine: initialized successfully - sym options: 0x614 - pdb path: .;c:\Users\Ni Wayan Amanda\.vscode\extensions\redhat.java-1.46.2025091808-win32-x64\jre\21.0.8-win32-x86_64\bin;C:\WINDOWS\SYSTEM32;C:\WINDOWS\WinSxS\amd64_microsoft.windows.common-controls_6595b64144ccf1df_6.0.26100.5074_none_3e0d6f78e32fd63f;c:\Users\Ni Wayan Amanda\.vscode\extensions\redhat.java-1.46.2025091808-win32-x64\jre\21.0.8-win32-x86_64\bin\server;C:\Users\Ni Wayan Amanda\AppData\Roaming\Code\User\globalStorage\redhat.java\1.46.2025091808\config_ss_win\org.eclipse.equinox.launcher\org.eclipse.equinox.launcher.win32.win32.x86_64_1.2.1400.v20250801-0854

VM Arguments:
jvm_args: --add-modules=ALL-SYSTEM --add-opens=java.base/java.util=ALL-UNNAMED --add-opens=java.base/java.lang=ALL-UNNAMED --add-opens=java.base/sun.nio.fs=ALL-UNNAMED -Declipse.application=org.eclipse.jdt.ls.core.id1 -Dosgi.bundles.defaultStartLevel=4 -Declipse.product=org.eclipse.jdt.ls.core.product -Djava.import.generatesMetadataFilesAtProjectRoot=false -DDetectVMInstallationsJob.disabled=true -Dfile.encoding=utf8 -XX:+UseParallelGC -XX:GCTimeRatio=4 -XX:AdaptiveSizePolicyWeight=90 -Dsun.zip.disableMemoryMapping=true -Xmx2G -Xms100m -Xlog:disable -javaagent:c:\Users\Ni Wayan Amanda\.vscode\extensions\redhat.java-1.46.2025091808-win32-x64\lombok\lombok-1.18.39-4050.jar 
java_command: c:\Users\Ni Wayan Amanda\.vscode\extensions\redhat.java-1.46.2025091808-win32-x64\server\plugins\org.eclipse.equinox.launcher_1.7.0.v20250519-0528.jar -configuration c:\Users\Ni Wayan Amanda\AppData\Roaming\Code\User\globalStorage\redhat.java\1.46.2025091808\config_ss_win -data c:\Users\Ni Wayan Amanda\AppData\Roaming\Code\User\workspaceStorage\7386c837077af9c0ae51233a9dd6fa8b\redhat.java\ss_ws --pipe=\\.\pipe\lsp-757762679e24004418461729edc24d77-sock
java_class_path (initial): c:\Users\Ni Wayan Amanda\.vscode\extensions\redhat.java-1.46.2025091808-win32-x64\server\plugins\org.eclipse.equinox.launcher_1.7.0.v20250519-0528.jar
Launcher Type: SUN_STANDARD

[Global flags]
    uintx AdaptiveSizePolicyWeight                 = 90                                        {product} {command line}
     intx CICompilerCount                          = 12                                        {product} {ergonomic}
    uintx GCTimeRatio                              = 4                                         {product} {command line}
   size_t InitialHeapSize                          = 104857600                                 {product} {command line}
   size_t MaxHeapSize                              = 2147483648                                {product} {command line}
   size_t MaxNewSize                               = 715653120                                 {product} {ergonomic}
   size_t MinHeapDeltaBytes                        = 524288                                    {product} {ergonomic}
   size_t MinHeapSize                              = 104857600                                 {product} {command line}
   size_t NewSize                                  = 34603008                                  {product} {ergonomic}
    uintx NonNMethodCodeHeapSize                   = 7602480                                {pd product} {ergonomic}
    uintx NonProfiledCodeHeapSize                  = 122027880                              {pd product} {ergonomic}
   size_t OldSize                                  = 70254592                                  {product} {ergonomic}
    uintx ProfiledCodeHeapSize                     = 122027880                              {pd product} {ergonomic}
    uintx ReservedCodeCacheSize                    = 251658240                              {pd product} {ergonomic}
     bool SegmentedCodeCache                       = true                                      {product} {ergonomic}
   size_t SoftMaxHeapSize                          = 2147483648                             {manageable} {ergonomic}
     bool UseCompressedOops                        = true                           {product lp64_product} {ergonomic}
     bool UseLargePagesIndividualAllocation        = false                                  {pd product} {ergonomic}
     bool UseParallelGC                            = true                                      {product} {command line}

Logging:
Log output configuration:
 #0: stdout all=off uptime,level,tags foldmultilines=false
 #1: stderr all=off uptime,level,tags foldmultilines=false

Environment Variables:
JAVA_HOME=C:\Program Files\Java\jdk-17
PATH=C:\Program Files\Common Files\Oracle\Java\javapath;C:\Program Files (x86)\Common Files\Oracle\Java\javapath;C:\Windows\system32;C:\Windows;C:\Windows\System32\Wbem;C:\Windows\System32\WindowsPowerShell\v1.0\;C:\Windows\System32\OpenSSH\;C:\Program Files (x86)\NVIDIA Corporation\PhysX\Common;C:\Program Files\NVIDIA Corporation\NVIDIA NvDLISR;C:\WINDOWS\system32;C:\WINDOWS;C:\WINDOWS\System32\Wbem;C:\WINDOWS\System32\WindowsPowerShell\v1.0\;C:\WINDOWS\System32\OpenSSH\;C:\msys64\mingw64\bin;C:\Program Files\Java\jdk1.8.0_333\bin;C:\Users\Ni Wayan Amanda\AppData\Local\Programs\Python\Python310;C:\xampp\php;C:\ProgramData\ComposerSetup\bin;C:\Program Files\Java\jdk-17\bin;C:\Program Files\nodejs\;C:\maven\apache-maven-3.9.6\bin;C:\Users\Ni Wayan Amanda\AppData\Roaming\npm;C:\maven\apache-maven-3.9.6;C:\Program Files\k6\;C:\Users\Ni Wayan Amanda\AppData\Local\Android\Sdk\platform-tools;C:\Program Files\Git\cmd;C:\Users\Ni Wayan Amanda\AppData\Local\Programs\Python\Python310\Scripts\;C:\Users\Ni Wayan Amanda\AppData\Local\Programs\Python\Python310\;C:\Users\Ni Wayan Amanda\AppData\Local\Microsoft\WindowsApps;C:\Users\Ni Wayan Amanda\AppData\Local\Programs\Microsoft VS Code\bin;C:\flutter_windows_3.10.0-stable\flutter\bin;C:\Users\Ni Wayan Amanda\AppData\Roaming\Composer\vendor\bin;C:\Users\Ni Wayan Amanda\AppData\Roaming\npm;C:\Users\Ni Wayan Amanda\AppData\Local\GitHubDesktop\bin;C:\Users\Ni Wayan Amanda\AppData\Roaming\Programs\Zero Install;%USERPROFILE%\AppData\Local\Microsoft\WindowsApps;
USERNAME=Ni Wayan Amanda
OS=Windows_NT
PROCESSOR_IDENTIFIER=AMD64 Family 25 Model 80 Stepping 0, AuthenticAMD
TMP=C:\Users\NIWAYA~1\AppData\Local\Temp
TEMP=C:\Users\NIWAYA~1\AppData\Local\Temp




Periodic native trim disabled

---------------  S Y S T E M  ---------------

OS:
 Windows 11 , 64 bit Build 26100 (10.0.26100.5074)
OS uptime: 9 days 11:37 hours
Hyper-V role detected

CPU: total 16 (initial active 16) (16 cores per cpu, 2 threads per core) family 25 model 80 stepping 0 microcode 0xa50000c, cx8, cmov, fxsr, ht, mmx, 3dnowpref, sse, sse2, sse3, ssse3, sse4a, sse4.1, sse4.2, popcnt, lzcnt, tsc, tscinvbit, avx, avx2, aes, erms, clmul, bmi1, bmi2, adx, sha, fma, vzeroupper, clflush, clflushopt, hv, rdtscp, rdpid, fsrm, f16c, cet_ss
Processor Information for processor 0
  Max Mhz: 3201, Current Mhz: 3201, Mhz Limit: 3201
Processor Information for processor 1
  Max Mhz: 3201, Current Mhz: 3201, Mhz Limit: 3201
Processor Information for processor 2
  Max Mhz: 3201, Current Mhz: 3201, Mhz Limit: 3201
Processor Information for processor 3
  Max Mhz: 3201, Current Mhz: 1990, Mhz Limit: 3201
Processor Information for processor 4
  Max Mhz: 3201, Current Mhz: 3201, Mhz Limit: 3201
Processor Information for processor 5
  Max Mhz: 3201, Current Mhz: 1990, Mhz Limit: 3201
Processor Information for processor 6
  Max Mhz: 3201, Current Mhz: 1990, Mhz Limit: 3201
Processor Information for processor 7
  Max Mhz: 3201, Current Mhz: 1990, Mhz Limit: 3201
Processor Information for processor 8
  Max Mhz: 3201, Current Mhz: 1990, Mhz Limit: 3201
Processor Information for processor 9
  Max Mhz: 3201, Current Mhz: 3201, Mhz Limit: 3201
Processor Information for processor 10
  Max Mhz: 3201, Current Mhz: 3201, Mhz Limit: 3201
Processor Information for processor 11
  Max Mhz: 3201, Current Mhz: 1990, Mhz Limit: 3201
Processor Information for processor 12
  Max Mhz: 3201, Current Mhz: 3201, Mhz Limit: 3201
Processor Information for processor 13
  Max Mhz: 3201, Current Mhz: 1990, Mhz Limit: 3201
Processor Information for processor 14
  Max Mhz: 3201, Current Mhz: 1990, Mhz Limit: 3201
Processor Information for processor 15
  Max Mhz: 3201, Current Mhz: 3201, Mhz Limit: 3201

Memory: 4k page, system-wide physical 15724M (1630M free)
TotalPageFile size 21882M (AvailPageFile size 5M)
current process WorkingSet (physical memory assigned to process): 110M, peak: 110M
current process commit charge ("private bytes"): 269M, peak: 269M

vm_info: OpenJDK 64-Bit Server VM (21.0.8+9-LTS) for windows-amd64 JRE (21.0.8+9-LTS), built on 2025-07-15T00:00:00Z by "admin" with MS VC++ 17.7 (VS2022)

END.
